Component: Arm Compiler for Embedded 6.18 Tool: armlink [5e4cc100]

==============================================================================

Section Cross References

    startup_stm32g431xx.o(RESET) refers to startup_stm32g431xx.o(STACK) for __initial_sp
    startup_stm32g431xx.o(RESET) refers to startup_stm32g431xx.o(.text) for Reset_Handler
    startup_stm32g431xx.o(RESET) refers to stm32g4xx_it.o(.text.NMI_Handler) for NMI_Handler
    startup_stm32g431xx.o(RESET) refers to stm32g4xx_it.o(.text.HardFault_Handler) for HardFault_Handler
    startup_stm32g431xx.o(RESET) refers to stm32g4xx_it.o(.text.MemManage_Handler) for MemManage_Handler
    startup_stm32g431xx.o(RESET) refers to stm32g4xx_it.o(.text.BusFault_Handler) for BusFault_Handler
    startup_stm32g431xx.o(RESET) refers to stm32g4xx_it.o(.text.UsageFault_Handler) for UsageFault_Handler
    startup_stm32g431xx.o(RESET) refers to stm32g4xx_it.o(.text.SVC_Handler) for SVC_Handler
    startup_stm32g431xx.o(RESET) refers to stm32g4xx_it.o(.text.DebugMon_Handler) for DebugMon_Handler
    startup_stm32g431xx.o(RESET) refers to stm32g4xx_it.o(.text.PendSV_Handler) for PendSV_Handler
    startup_stm32g431xx.o(RESET) refers to stm32g4xx_it.o(.text.SysTick_Handler) for SysTick_Handler
    startup_stm32g431xx.o(RESET) refers to stm32g4xx_it.o(.text.TIM1_UP_TIM16_IRQHandler) for TIM1_UP_TIM16_IRQHandler
    startup_stm32g431xx.o(RESET) refers to stm32g4xx_it.o(.text.TIM1_TRG_COM_TIM17_IRQHandler) for TIM1_TRG_COM_TIM17_IRQHandler
    startup_stm32g431xx.o(RESET) refers to stm32g4xx_it.o(.text.TIM1_CC_IRQHandler) for TIM1_CC_IRQHandler
    startup_stm32g431xx.o(.text) refers to system_stm32g4xx.o(.text.SystemInit) for SystemInit
    startup_stm32g431xx.o(.text) refers to entry.o(.ARM.Collect$$$$00000000) for __main
    main.o(.text.fputc) refers to usart.o(.bss.huart2) for huart2
    main.o(.text.fputc) refers to stm32g4xx_hal_uart.o(.text.HAL_UART_Transmit) for HAL_UART_Transmit
    main.o(.ARM.exidx.text.fputc) refers to main.o(.text.fputc) for [Anonymous Symbol]
    main.o(.text.ADC_Calibration) refers to adc.o(.bss.hadc1) for hadc1
    main.o(.text.ADC_Calibration) refers to stm32g4xx_hal_adc_ex.o(.text.HAL_ADCEx_Calibration_Start) for HAL_ADCEx_Calibration_Start
    main.o(.ARM.exidx.text.ADC_Calibration) refers to main.o(.text.ADC_Calibration) for [Anonymous Symbol]
    main.o(.text.HAL_TIM_PeriodElapsedCallback) refers to tim.o(.bss.htim1) for htim1
    main.o(.text.HAL_TIM_PeriodElapsedCallback) refers to stm32g4xx_hal_gpio.o(.text.HAL_GPIO_TogglePin) for HAL_GPIO_TogglePin
    main.o(.text.HAL_TIM_PeriodElapsedCallback) refers to adc.o(.bss.hadc1) for hadc1
    main.o(.text.HAL_TIM_PeriodElapsedCallback) refers to stm32g4xx_hal_adc.o(.text.HAL_ADC_Start) for HAL_ADC_Start
    main.o(.text.HAL_TIM_PeriodElapsedCallback) refers to adc.o(.bss.hadc2) for hadc2
    main.o(.text.HAL_TIM_PeriodElapsedCallback) refers to stm32g4xx_hal_adc.o(.text.HAL_ADC_GetState) for HAL_ADC_GetState
    main.o(.text.HAL_TIM_PeriodElapsedCallback) refers to mt6816.o(.text.MT6816_ReadVal) for MT6816_ReadVal
    main.o(.text.HAL_TIM_PeriodElapsedCallback) refers to mt6816.o(.bss.getmagval) for getmagval
    main.o(.ARM.exidx.text.HAL_TIM_PeriodElapsedCallback) refers to main.o(.text.HAL_TIM_PeriodElapsedCallback) for [Anonymous Symbol]
    main.o(.text.main) refers to stm32g4xx_hal.o(.text.HAL_Init) for HAL_Init
    main.o(.text.main) refers to stm32g4xx_hal_pwr_ex.o(.text.HAL_PWREx_ControlVoltageScaling) for HAL_PWREx_ControlVoltageScaling
    main.o(.text.main) refers to stm32g4xx_hal_rcc.o(.text.HAL_RCC_OscConfig) for HAL_RCC_OscConfig
    main.o(.text.main) refers to stm32g4xx_hal_rcc.o(.text.HAL_RCC_ClockConfig) for HAL_RCC_ClockConfig
    main.o(.text.main) refers to gpio.o(.text.MX_GPIO_Init) for MX_GPIO_Init
    main.o(.text.main) refers to tim.o(.text.MX_TIM1_Init) for MX_TIM1_Init
    main.o(.text.main) refers to spi.o(.text.MX_SPI2_Init) for MX_SPI2_Init
    main.o(.text.main) refers to adc.o(.text.MX_ADC1_Init) for MX_ADC1_Init
    main.o(.text.main) refers to adc.o(.text.MX_ADC2_Init) for MX_ADC2_Init
    main.o(.text.main) refers to usart.o(.text.MX_USART2_UART_Init) for MX_USART2_UART_Init
    main.o(.text.main) refers to cordic.o(.text.MX_CORDIC_Init) for MX_CORDIC_Init
    main.o(.text.main) refers to cordic_.o(.text.InitCordic) for InitCordic
    main.o(.text.main) refers to bldc.o(.bss.ThisBLDC) for ThisBLDC
    main.o(.text.main) refers to bldc.o(.text.InitBLDC) for InitBLDC
    main.o(.text.main) refers to smo.o(.bss.ThisS) for ThisS
    main.o(.text.main) refers to smo.o(.text.Init_SMO) for Init_SMO
    main.o(.text.main) refers to main.o(.bss.theta) for theta
    main.o(.text.main) refers to stm32g4xx_hal.o(.text.HAL_Delay) for HAL_Delay
    main.o(.text.main) refers to stm32g4xx_hal_gpio.o(.text.HAL_GPIO_WritePin) for HAL_GPIO_WritePin
    main.o(.text.main) refers to cordic_.o(.text.angleanaloging) for angleanaloging
[...]
    Removing stm32g4xx_hal_uart.o(.ARM.exidx.text.HAL_LIN_SendBreak), (8 bytes).
    Removing stm32g4xx_hal_uart.o(.text.HAL_UART_GetState), (12 bytes).
    Removing stm32g4xx_hal_uart.o(.ARM.exidx.text.HAL_UART_GetState), (8 bytes).
    Removing stm32g4xx_hal_uart.o(.text.HAL_UART_GetError), (6 bytes).
    Removing stm32g4xx_hal_uart.o(.ARM.exidx.text.HAL_UART_GetError), (8 bytes).
    Removing stm32g4xx_hal_uart.o(.text.UART_RxISR_16BIT_FIFOEN), (790 bytes).
    Removing stm32g4xx_hal_uart.o(.ARM.exidx.text.UART_RxISR_16BIT_FIFOEN), (8 bytes).
    Removing stm32g4xx_hal_uart.o(.text.UART_RxISR_8BIT_FIFOEN), (794 bytes).
    Removing stm32g4xx_hal_uart.o(.ARM.exidx.text.UART_RxISR_8BIT_FIFOEN), (8 bytes).
    Removing stm32g4xx_hal_uart.o(.text.UART_RxISR_16BIT), (438 bytes).
    Removing stm32g4xx_hal_uart.o(.ARM.exidx.text.UART_RxISR_16BIT), (8 bytes).
    Removing stm32g4xx_hal_uart.o(.text.UART_RxISR_8BIT), (438 bytes).
    Removing stm32g4xx_hal_uart.o(.ARM.exidx.text.UART_RxISR_8BIT), (8 bytes).
    Removing stm32g4xx_hal_uart.o(.text.UART_DMAReceiveCplt), (356 bytes).
    Removing stm32g4xx_hal_uart.o(.ARM.exidx.text.UART_DMAReceiveCplt), (8 bytes).
    Removing stm32g4xx_hal_uart.o(.text.UART_DMARxHalfCplt), (26 bytes).
    Removing stm32g4xx_hal_uart.o(.ARM.exidx.text.UART_DMARxHalfCplt), (8 bytes).
    Removing stm32g4xx_hal_uart_ex.o(.text), (0 bytes).
    Removing stm32g4xx_hal_uart_ex.o(.text.HAL_RS485Ex_Init), (132 bytes).
    Removing stm32g4xx_hal_uart_ex.o(.ARM.exidx.text.HAL_RS485Ex_Init), (8 bytes).
    Removing stm32g4xx_hal_uart_ex.o(.text.HAL_UARTEx_WakeupCallback), (2 bytes).
    Removing stm32g4xx_hal_uart_ex.o(.ARM.exidx.text.HAL_UARTEx_WakeupCallback), (8 bytes).
    Removing stm32g4xx_hal_uart_ex.o(.text.HAL_UARTEx_RxFifoFullCallback), (2 bytes).
    Removing stm32g4xx_hal_uart_ex.o(.ARM.exidx.text.HAL_UARTEx_RxFifoFullCallback), (8 bytes).
    Removing stm32g4xx_hal_uart_ex.o(.text.HAL_UARTEx_TxFifoEmptyCallback), (2 bytes).
    Removing stm32g4xx_hal_uart_ex.o(.ARM.exidx.text.HAL_UARTEx_TxFifoEmptyCallback), (8 bytes).
    Removing stm32g4xx_hal_uart_ex.o(.text.HAL_MultiProcessorEx_AddressLength_Set), (46 bytes).
    Removing stm32g4xx_hal_uart_ex.o(.ARM.exidx.text.HAL_MultiProcessorEx_AddressLength_Set), (8 bytes).
    Removing stm32g4xx_hal_uart_ex.o(.text.HAL_UARTEx_StopModeWakeUpSourceConfig), (144 bytes).
    Removing stm32g4xx_hal_uart_ex.o(.ARM.exidx.text.HAL_UARTEx_StopModeWakeUpSourceConfig), (8 bytes).
    Removing stm32g4xx_hal_uart_ex.o(.text.HAL_UARTEx_EnableStopMode), (104 bytes).
    Removing stm32g4xx_hal_uart_ex.o(.ARM.exidx.text.HAL_UARTEx_EnableStopMode), (8 bytes).
    Removing stm32g4xx_hal_uart_ex.o(.text.HAL_UARTEx_DisableStopMode), (104 bytes).
    Removing stm32g4xx_hal_uart_ex.o(.ARM.exidx.text.HAL_UARTEx_DisableStopMode), (8 bytes).
    Removing stm32g4xx_hal_uart_ex.o(.text.HAL_UARTEx_EnableFifoMode), (122 bytes).
    Removing stm32g4xx_hal_uart_ex.o(.ARM.exidx.text.HAL_UARTEx_EnableFifoMode), (8 bytes).
    Removing stm32g4xx_hal_uart_ex.o(.ARM.exidx.text.HAL_UARTEx_DisableFifoMode), (8 bytes).
    Removing stm32g4xx_hal_uart_ex.o(.ARM.exidx.text.HAL_UARTEx_SetTxFifoThreshold), (8 bytes).
    Removing stm32g4xx_hal_uart_ex.o(.ARM.exidx.text.HAL_UARTEx_SetRxFifoThreshold), (8 bytes).
    Removing stm32g4xx_hal_uart_ex.o(.text.HAL_UARTEx_ReceiveToIdle), (444 bytes).
    Removing stm32g4xx_hal_uart_ex.o(.ARM.exidx.text.HAL_UARTEx_ReceiveToIdle), (8 bytes).
    Removing stm32g4xx_hal_uart_ex.o(.text.HAL_UARTEx_ReceiveToIdle_IT), (166 bytes).
    Removing stm32g4xx_hal_uart_ex.o(.ARM.exidx.text.HAL_UARTEx_ReceiveToIdle_IT), (8 bytes).
    Removing stm32g4xx_hal_uart_ex.o(.text.HAL_UARTEx_ReceiveToIdle_DMA), (172 bytes).
    Removing stm32g4xx_hal_uart_ex.o(.ARM.exidx.text.HAL_UARTEx_ReceiveToIdle_DMA), (8 bytes).
    Removing stm32g4xx_hal_uart_ex.o(.text.HAL_UARTEx_GetRxEventType), (4 bytes).
    Removing stm32g4xx_hal_uart_ex.o(.ARM.exidx.text.HAL_UARTEx_GetRxEventType), (8 bytes).
    Removing svpwm.o(.text), (0 bytes).
    Removing svpwm.o(.ARM.exidx.text.SV_PWM_Cal), (8 bytes).
    Removing cordic_.o(.text), (0 bytes).
    Removing cordic_.o(.ARM.exidx.text.InitCordic), (8 bytes).
    Removing cordic_.o(.text.TypeAssign_Cordic), (32 bytes).
    Removing cordic_.o(.ARM.exidx.text.TypeAssign_Cordic), (8 bytes).
    Removing cordic_.o(.text.value_to_cordic31), (28 bytes).
    Removing cordic_.o(.ARM.exidx.text.value_to_cordic31), (8 bytes).
    Removing cordic_.o(.text.cordic31_to_value), (56 bytes).
    Removing cordic_.o(.ARM.exidx.text.cordic31_to_value), (8 bytes).
    Removing cordic_.o(.ARM.exidx.text.Cordic_SinCosCal_Input), (8 bytes).
    Removing cordic_.o(.ARM.exidx.text.Cordic_SinCosCal_Acquire), (8 bytes).
    Removing cordic_.o(.ARM.exidx.text.angleanaloging), (8 bytes).
    Removing cordic_.o(.bss.thisCordic), (16 bytes).
    Removing mt6816.o(.text), (0 bytes).
    Removing mt6816.o(.text.MT6816_Init), (18 bytes).
    Removing mt6816.o(.ARM.exidx.text.MT6816_Init), (8 bytes).
    Removing mt6816.o(.ARM.exidx.text.MT6816_ReadVal), (8 bytes).
    Removing smo.o(.text), (0 bytes).
    Removing smo.o(.ARM.exidx.text.Init_SMO), (8 bytes).
    Removing smo.o(.text.EMF_Estimation), (296 bytes).
    Removing smo.o(.ARM.exidx.text.EMF_Estimation), (8 bytes).
    Removing pid.o(.text), (0 bytes).
    Removing pid.o(.ARM.exidx.text.initPIDP), (8 bytes).
    Removing pid.o(.ARM.exidx.text.PIDP), (8 bytes).
    Removing bldc.o(.text), (0 bytes).
    Removing bldc.o(.text.ClarkTransform), (56 bytes).
    Removing bldc.o(.ARM.exidx.text.ClarkTransform), (8 bytes).
    Removing bldc.o(.text.ParkTransform), (50 bytes).
    Removing bldc.o(.ARM.exidx.text.ParkTransform), (8 bytes).
    Removing bldc.o(.ARM.exidx.text.InitBLDC), (8 bytes).
    Removing bldc.o(.text.anglehandler), (124 bytes).
    Removing bldc.o(.ARM.exidx.text.anglehandler), (8 bytes).
    Removing bldc.o(.text.Org_E_Calibration), (160 bytes).
    Removing bldc.o(.ARM.exidx.text.Org_E_Calibration), (8 bytes).
    Removing bldc.o(.text.velocitycal), (200 bytes).
    Removing bldc.o(.ARM.exidx.text.velocitycal), (8 bytes).
    Removing bldc.o(.ARM.exidx.text.HAL_TIM_OC_DelayElapsedCallback), (8 bytes).
    Removing bldc.o(.bss.tagId), (4 bytes).
    Removing bldc.o(.bss.tagIq), (4 bytes).

1268 unused section(s) (total 76651 bytes) removed from the image.

==============================================================================

Image Symbol Table

    Local Symbols

    Symbol Name                              Value     Ov Type        Size  Object(Section)

    ../clib/division.s                       0x00000000   Number         0  aeabi_sdiv.o ABSOLUTE
    ../clib/microlib/division.c              0x00000000   Number         0  uldiv.o ABSOLUTE
    ../clib/microlib/division.c              0x00000000   Number         0  uidiv.o ABSOLUTE
    ../clib/microlib/errno.c                 0x00000000   Number         0  errno.o ABSOLUTE
    ../clib/microlib/init/entry.s            0x00000000   Number         0  entry.o ABSOLUTE
    ../clib/microlib/init/entry.s            0x00000000   Number         0  entry2.o ABSOLUTE
    ../clib/microlib/init/entry.s            0x00000000   Number         0  entry5.o ABSOLUTE
    ../clib/microlib/init/entry.s            0x00000000   Number         0  entry7a.o ABSOLUTE
    ../clib/microlib/init/entry.s            0x00000000   Number         0  entry7b.o ABSOLUTE
    ../clib/microlib/init/entry.s            0x00000000   Number         0  entry8a.o ABSOLUTE
    ../clib/microlib/init/entry.s            0x00000000   Number         0  entry8b.o ABSOLUTE
    ../clib/microlib/init/entry.s            0x00000000   Number         0  entry9a.o ABSOLUTE
    ../clib/microlib/init/entry.s            0x00000000   Number         0  entry9b.o ABSOLUTE
    ../clib/microlib/init/entry.s            0x00000000   Number         0  entry10a.o ABSOLUTE
    ../clib/microlib/init/entry.s            0x00000000   Number         0  entry10b.o ABSOLUTE
    ../clib/microlib/init/entry.s            0x00000000   Number         0  entry11a.o ABSOLUTE
    ../clib/microlib/init/entry.s            0x00000000   Number         0  entry11b.o ABSOLUTE
    ../clib/microlib/longlong.c              0x00000000   Number         0  llshl.o ABSOLUTE
    ../clib/microlib/longlong.c              0x00000000   Number         0  llushr.o ABSOLUTE
    ../clib/microlib/longlong.c              0x00000000   Number         0  llsshr.o ABSOLUTE
    ../clib/microlib/printf/printf.c         0x00000000   Number         0  printfb.o ABSOLUTE
    ../clib/microlib/printf/printf.c         0x00000000   Number         0  printf0.o ABSOLUTE
    ../clib/microlib/printf/printf.c         0x00000000   Number         0  printf1.o ABSOLUTE
    ../clib/microlib/printf/printf.c         0x00000000   Number         0  printf2.o ABSOLUTE
    ../clib/microlib/printf/printf.c         0x00000000   Number         0  printf3.o ABSOLUTE
    ../clib/microlib/printf/printf.c         0x00000000   Number         0  printf4.o ABSOLUTE
    ../clib/microlib/printf/printf.c         0x00000000   Number         0  printf5.o ABSOLUTE
    ../clib/microlib/printf/printf.c         0x00000000   Number         0  printf6.o ABSOLUTE
    ../clib/microlib/printf/printf.c         0x00000000   Number         0  printf7.o ABSOLUTE
    ../clib/microlib/printf/printf.c         0x00000000   Number         0  printf8.o ABSOLUTE
    ../clib/microlib/printf/printf.c         0x00000000   Number         0  printfa.o ABSOLUTE
    ../clib/microlib/printf/stubs.s          0x00000000   Number         0  printfstubs.o ABSOLUTE
    ../clib/microlib/stdio/streams.c         0x00000000   Number         0  stdout.o ABSOLUTE
    ../clib/microlib/string/memset.c         0x00000000   Number         0  memseta.o ABSOLUTE
    ../clib/microlib/stubs.s                 0x00000000   Number         0  iusefp.o ABSOLUTE
    ../fplib/microlib/d2f.c                  0x00000000   Number         0  d2f.o ABSOLUTE
    ../fplib/microlib/f2d.c                  0x00000000   Number         0  f2d.o ABSOLUTE
    ../fplib/microlib/fpadd.c                0x00000000   Number         0  dadd.o ABSOLUTE
    ../fplib/microlib/fpcmp.c                0x00000000   Number         0  dcmpge.o ABSOLUTE
    ../fplib/microlib/fpdiv.c                0x00000000   Number         0  ddiv.o ABSOLUTE
    ../fplib/microlib/fpepilogue.c           0x00000000   Number         0  fepilogue.o ABSOLUTE
    ../fplib/microlib/fpepilogue.c           0x00000000   Number         0  depilogue.o ABSOLUTE
    ../fplib/microlib/fpfix.c                0x00000000   Number         0  dfixul.o ABSOLUTE
    ../fplib/microlib/fpmul.c                0x00000000   Number         0  dmul.o ABSOLUTE
    ../mathlib/atan2f.c                      0x00000000   Number         0  atan2f.o ABSOLUTE
    ../mathlib/fpclassifyf.c                 0x00000000   Number         0  fpclassifyf.o ABSOLUTE
    ../mathlib/funder.c                      0x00000000   Number         0  funder.o ABSOLUTE
    BLDC.c                                   0x00000000   Number         0  bldc.o ABSOLUTE
    Cordic_.c                                0x00000000   Number         0  cordic_.o ABSOLUTE
    MT6816.c                                 0x00000000   Number         0  mt6816.o ABSOLUTE
    SMO.c                                    0x00000000   Number         0  smo.o ABSOLUTE
    SVPWM.c                                  0x00000000   Number         0  svpwm.o ABSOLUTE
    adc.c                                    0x00000000   Number         0  adc.o ABSOLUTE
    cdrcmple.s                               0x00000000   Number         0  cdrcmple.o ABSOLUTE
    cordic.c                                 0x00000000   Number         0  cordic.o ABSOLUTE
    dc.s                                     0x00000000   Number         0  dc.o ABSOLUTE
    gpio.c                                   0x00000000   Number         0  gpio.o ABSOLUTE
    handlers.s                               0x00000000   Number         0  handlers.o ABSOLUTE
    init.s                                   0x00000000   Number         0  init.o ABSOLUTE
    main.c                                   0x00000000   Number         0  main.o ABSOLUTE
    pid.c                                    0x00000000   Number         0  pid.o ABSOLUTE
    spi.c                                    0x00000000   Number         0  spi.o ABSOLUTE
    startup_stm32g431xx.s                    0x00000000   Number         0  startup_stm32g431xx.o ABSOLUTE
    stm32g4xx_hal.c                          0x00000000   Number         0  stm32g4xx_hal.o ABSOLUTE
    stm32g4xx_hal_adc.c                      0x00000000   Number         0  stm32g4xx_hal_adc.o ABSOLUTE
    stm32g4xx_hal_adc_ex.c                   0x00000000   Number         0  stm32g4xx_hal_adc_ex.o ABSOLUTE
    stm32g4xx_hal_cortex.c                   0x00000000   Number         0  stm32g4xx_hal_cortex.o ABSOLUTE
    stm32g4xx_hal_dma.c                      0x00000000   Number         0  stm32g4xx_hal_dma.o ABSOLUTE
    stm32g4xx_hal_dma_ex.c                   0x00000000   Number         0  stm32g4xx_hal_dma_ex.o ABSOLUTE
    stm32g4xx_hal_exti.c                     0x00000000   Number         0  stm32g4xx_hal_exti.o ABSOLUTE
    stm32g4xx_hal_flash.c                    0x00000000   Number         0  stm32g4xx_hal_flash.o ABSOLUTE
    stm32g4xx_hal_flash_ex.c                 0x00000000   Number         0  stm32g4xx_hal_flash_ex.o ABSOLUTE
    stm32g4xx_hal_flash_ramfunc.c            0x00000000   Number         0  stm32g4xx_hal_flash_ramfunc.o ABSOLUTE
    stm32g4xx_hal_gpio.c                     0x00000000   Number         0  stm32g4xx_hal_gpio.o ABSOLUTE
    stm32g4xx_hal_msp.c                      0x00000000   Number         0  stm32g4xx_hal_msp.o ABSOLUTE
    stm32g4xx_hal_pwr.c                      0x00000000   Number         0  stm32g4xx_hal_pwr.o ABSOLUTE
    stm32g4xx_hal_pwr_ex.c                   0x00000000   Number         0  stm32g4xx_hal_pwr_ex.o ABSOLUTE
    stm32g4xx_hal_rcc.c                      0x00000000   Number         0  stm32g4xx_hal_rcc.o ABSOLUTE
    stm32g4xx_hal_rcc_ex.c                   0x00000000   Number         0  stm32g4xx_hal_rcc_ex.o ABSOLUTE
    stm32g4xx_hal_spi.c                      0x00000000   Number         0  stm32g4xx_hal_spi.o ABSOLUTE
    stm32g4xx_hal_spi_ex.c                   0x00000000   Number         0  stm32g4xx_hal_spi_ex.o ABSOLUTE
    stm32g4xx_hal_tim.c                      0x00000000   Number         0  stm32g4xx_hal_tim.o ABSOLUTE
    stm32g4xx_hal_tim_ex.c                   0x00000000   Number         0  stm32g4xx_hal_tim_ex.o ABSOLUTE
    stm32g4xx_hal_uart.c                     0x00000000   Number         0  stm32g4xx_hal_uart.o ABSOLUTE
    stm32g4xx_hal_uart_ex.c                  0x00000000   Number         0  stm32g4xx_hal_uart_ex.o ABSOLUTE
    stm32g4xx_it.c                           0x00000000   Number         0  stm32g4xx_it.o ABSOLUTE
    stm32g4xx_ll_adc.c                       0x00000000   Number         0  stm32g4xx_ll_adc.o ABSOLUTE
    stm32g4xx_ll_cordic.c                    0x00000000   Number         0  stm32g4xx_ll_cordic.o ABSOLUTE
    stm32g4xx_ll_dma.c                       0x00000000   Number         0  stm32g4xx_ll_dma.o ABSOLUTE
    stm32g4xx_ll_exti.c                      0x00000000   Number         0  stm32g4xx_ll_exti.o ABSOLUTE
    stm32g4xx_ll_gpio.c                      0x00000000   Number         0  stm32g4xx_ll_gpio.o ABSOLUTE
    stm32g4xx_ll_utils.c                     0x00000000   Number         0  stm32g4xx_ll_utils.o ABSOLUTE
    system_stm32g4xx.c                       0x00000000   Number         0  system_stm32g4xx.o ABSOLUTE
    tim.c                                    0x00000000   Number         0  tim.o ABSOLUTE
    usart.c                                  0x00000000   Number         0  usart.o ABSOLUTE
    RESET                                    0x08000000   Section      472  startup_stm32g431xx.o(RESET)
    .ARM.Collect$$$$00000000                 0x080001d8   Section        0  entry.o(.ARM.Collect$$$$00000000)
    .ARM.Collect$$$$00000001                 0x080001d8   Section        4  entry2.o(.ARM.Collect$$$$00000001)
    .ARM.Collect$$$$00000004                 0x080001dc   Section        4  entry5.o(.ARM.Collect$$$$00000004)
    .ARM.Collect$$$$00000008                 0x080001e0   Section        0  entry7b.o(.ARM.Collect$$$$00000008)
    .ARM.Collect$$$$0000000A                 0x080001e0   Section        0  entry8b.o(.ARM.Collect$$$$0000000A)
    .ARM.Collect$$$$0000000B                 0x080001e0   Section        8  entry9a.o(.ARM.Collect$$$$0000000B)
    __lit__00000000                          0x080001e8   Data           4  entry2.o(.ARM.Collect$$$$00002712)
    .ARM.Collect$$$$0000000D                 0x080001e8   Section        0  entry10a.o(.ARM.Collect$$$$0000000D)
    .ARM.Collect$$$$0000000F                 0x080001e8   Section        0  entry11a.o(.ARM.Collect$$$$0000000F)
    .ARM.Collect$$$$00002712                 0x080001e8   Section        4  entry2.o(.ARM.Collect$$$$00002712)
    $v0                                      0x080001ec   Number         0  startup_stm32g431xx.o(.text)
    .text                                    0x080001ec   Section       36  startup_stm32g431xx.o(.text)
    .text                                    0x08000210   Section        0  uldiv.o(.text)
    .text                                    0x08000272   Section        0  memseta.o(.text)
    .text                                    0x08000296   Section        0  dadd.o(.text)
    .text                                    0x080003e4   Section        0  dcmpge.o(.text)
    .text                                    0x0800041a   Section        0  f2d.o(.text)
    .text                                    0x08000440   Section        0  d2f.o(.text)
    .text                                    0x08000478   Section        0  uidiv.o(.text)
    .text                                    0x080004a4   Section        0  llshl.o(.text)
    .text                                    0x080004c2   Section        0  llushr.o(.text)
    .text                                    0x080004e2   Section        0  llsshr.o(.text)
    .text                                    0x08000506   Section        0  iusefp.o(.text)
    .text                                    0x08000506   Section        0  fepilogue.o(.text)
    .text                                    0x08000574   Section        0  depilogue.o(.text)
    .text                                    0x0800062e   Section        0  dmul.o(.text)
    .text                                    0x08000712   Section        0  ddiv.o(.text)
    .text                                    0x080007f0   Section        0  dfixul.o(.text)
    .text                                    0x08000820   Section       48  cdrcmple.o(.text)
    .text                                    0x08000850   Section       36  init.o(.text)
    [Anonymous Symbol]                       0x08000874   Section        0  stm32g4xx_hal_adc.o(.text.ADC_Enable)
    [Anonymous Symbol]                       0x0800096c   Section        0  stm32g4xx_it.o(.text.BusFault_Handler)
    [Anonymous Symbol]                       0x08000970   Section        0  cordic_.o(.text.Cordic_SinCosCal_Acquire)
    [Anonymous Symbol]                       0x080009e8   Section        0  cordic_.o(.text.Cordic_SinCosCal_Input)
    [Anonymous Symbol]                       0x08000a14   Section        0  stm32g4xx_it.o(.text.DebugMon_Handler)
    [Anonymous Symbol]                       0x08000a18   Section        0  main.o(.text.Error_Handler)
    [Anonymous Symbol]                       0x08000a24   Section        0  stm32g4xx_hal_adc_ex.o(.text.HAL_ADCEx_MultiModeConfigChannel)
    [Anonymous Symbol]                       0x08000ae4   Section        0  stm32g4xx_hal_adc.o(.text.HAL_ADC_ConfigChannel)
    [Anonymous Symbol]                       0x08000e98   Section        0  stm32g4xx_hal_adc.o(.text.HAL_ADC_GetState)
    [Anonymous Symbol]                       0x08000e9c   Section        0  stm32g4xx_hal_adc.o(.text.HAL_ADC_GetValue)
    [Anonymous Symbol]                       0x08000ea4   Section        0  stm32g4xx_hal_adc.o(.text.HAL_ADC_Init)
    [Anonymous Symbol]                       0x080010e4   Section        0  adc.o(.text.HAL_ADC_MspInit)
    [Anonymous Symbol]                       0x080011dc   Section        0  stm32g4xx_hal_adc.o(.text.HAL_ADC_Start)
    [Anonymous Symbol]                       0x080012bc   Section        0  stm32g4xx_hal.o(.text.HAL_Delay)
    [Anonymous Symbol]                       0x080012e4   Section        0  stm32g4xx_hal_gpio.o(.text.HAL_GPIO_Init)
    [Anonymous Symbol]                       0x080014c0   Section        0  stm32g4xx_hal_gpio.o(.text.HAL_GPIO_TogglePin)
    [Anonymous Symbol]                       0x080014d0   Section        0  stm32g4xx_hal_gpio.o(.text.HAL_GPIO_WritePin)
    [Anonymous Symbol]                       0x080014dc   Section        0  stm32g4xx_hal.o(.text.HAL_GetTick)
    [Anonymous Symbol]                       0x080014e8   Section        0  stm32g4xx_hal.o(.text.HAL_IncTick)
    [Anonymous Symbol]                       0x08001504   Section        0  stm32g4xx_hal.o(.text.HAL_Init)
    [Anonymous Symbol]                       0x08001524   Section        0  stm32g4xx_hal.o(.text.HAL_InitTick)
    [Anonymous Symbol]                       0x08001570   Section        0  stm32g4xx_hal_msp.o(.text.HAL_MspInit)
    [Anonymous Symbol]                       0x080015a4   Section        0  stm32g4xx_hal_cortex.o(.text.HAL_NVIC_EnableIRQ)
    [Anonymous Symbol]                       0x080015c4   Section        0  stm32g4xx_hal_cortex.o(.text.HAL_NVIC_SetPriority)
    [Anonymous Symbol]                       0x0800161c   Section        0  stm32g4xx_hal_cortex.o(.text.HAL_NVIC_SetPriorityGrouping)
    [Anonymous Symbol]                       0x0800163c   Section        0  stm32g4xx_hal_pwr_ex.o(.text.HAL_PWREx_ControlVoltageScaling)
    [Anonymous Symbol]                       0x08001764   Section        0  stm32g4xx_hal_pwr_ex.o(.text.HAL_PWREx_DisableUCPDDeadBattery)
    [Anonymous Symbol]                       0x08001778   Section        0  stm32g4xx_hal_rcc_ex.o(.text.HAL_RCCEx_PeriphCLKConfig)
    [Anonymous Symbol]                       0x080019e4   Section        0  stm32g4xx_hal_rcc.o(.text.HAL_RCC_ClockConfig)
    [Anonymous Symbol]                       0x08001cf8   Section        0  stm32g4xx_hal_rcc.o(.text.HAL_RCC_GetPCLK1Freq)
    [Anonymous Symbol]                       0x08001d24   Section        0  stm32g4xx_hal_rcc.o(.text.HAL_RCC_GetPCLK2Freq)
    [Anonymous Symbol]                       0x08001d50   Section        0  stm32g4xx_hal_rcc.o(.text.HAL_RCC_GetSysClockFreq)
    [Anonymous Symbol]                       0x08001dcc   Section        0  stm32g4xx_hal_rcc.o(.text.HAL_RCC_OscConfig)
    [Anonymous Symbol]                       0x08002278   Section        0  stm32g4xx_hal_spi.o(.text.HAL_SPI_Init)
    [Anonymous Symbol]                       0x0800235c   Section        0  spi.o(.text.HAL_SPI_MspInit)
    [Anonymous Symbol]                       0x080023c8   Section        0  stm32g4xx_hal_spi.o(.text.HAL_SPI_TransmitReceive)
    [Anonymous Symbol]                       0x080026d4   Section        0  stm32g4xx_hal_cortex.o(.text.HAL_SYSTICK_Config)
    [Anonymous Symbol]                       0x08002700   Section        0  stm32g4xx_hal_tim_ex.o(.text.HAL_TIMEx_Break2Callback)
    [Anonymous Symbol]                       0x08002704   Section        0  stm32g4xx_hal_tim_ex.o(.text.HAL_TIMEx_BreakCallback)
    [Anonymous Symbol]                       0x08002708   Section        0  stm32g4xx_hal_tim_ex.o(.text.HAL_TIMEx_CommutCallback)
    [Anonymous Symbol]                       0x0800270c   Section        0  stm32g4xx_hal_tim_ex.o(.text.HAL_TIMEx_ConfigBreakDeadTime)
    [Anonymous Symbol]                       0x080027d8   Section        0  stm32g4xx_hal_tim_ex.o(.text.HAL_TIMEx_DirectionChangeCallback)
    [Anonymous Symbol]                       0x080027dc   Section        0  stm32g4xx_hal_tim_ex.o(.text.HAL_TIMEx_EncoderIndexCallback)
    [Anonymous Symbol]                       0x080027e0   Section        0  stm32g4xx_hal_tim_ex.o(.text.HAL_TIMEx_IndexErrorCallback)
    [Anonymous Symbol]                       0x080027e4   Section        0  stm32g4xx_hal_tim_ex.o(.text.HAL_TIMEx_MasterConfigSynchronization)
    [Anonymous Symbol]                       0x08002888   Section        0  stm32g4xx_hal_tim_ex.o(.text.HAL_TIMEx_PWMN_Start)
    [Anonymous Symbol]                       0x08002974   Section        0  stm32g4xx_hal_tim_ex.o(.text.HAL_TIMEx_TransitionErrorCallback)
    [Anonymous Symbol]                       0x08002978   Section        0  stm32g4xx_hal_tim.o(.text.HAL_TIM_IC_CaptureCallback)
    [Anonymous Symbol]                       0x0800297c   Section        0  stm32g4xx_hal_tim.o(.text.HAL_TIM_IRQHandler)
    [Anonymous Symbol]                       0x08002b48   Section        0  tim.o(.text.HAL_TIM_MspPostInit)
    [Anonymous Symbol]                       0x08002bfc   Section        0  stm32g4xx_hal_tim.o(.text.HAL_TIM_OC_ConfigChannel)
    [Anonymous Symbol]                       0x08002f30   Section        0  bldc.o(.text.HAL_TIM_OC_DelayElapsedCallback)
    [Anonymous Symbol]                       0x08003270   Section        0  stm32g4xx_hal_tim.o(.text.HAL_TIM_OC_Init)
    [Anonymous Symbol]                       0x080032d4   Section        0  stm32g4xx_hal_tim.o(.text.HAL_TIM_OC_MspInit)
    [Anonymous Symbol]                       0x080032d8   Section        0  stm32g4xx_hal_tim.o(.text.HAL_TIM_OC_Start_IT)
    [Anonymous Symbol]                       0x080034c4   Section        0  stm32g4xx_hal_tim.o(.text.HAL_TIM_PWM_ConfigChannel)
    [Anonymous Symbol]                       0x08003888   Section        0  stm32g4xx_hal_tim.o(.text.HAL_TIM_PWM_Init)
    [Anonymous Symbol]                       0x080038ec   Section        0  tim.o(.text.HAL_TIM_PWM_MspInit)
    [Anonymous Symbol]                       0x08003954   Section        0  stm32g4xx_hal_tim.o(.text.HAL_TIM_PWM_PulseFinishedCallback)
    [Anonymous Symbol]                       0x08003958   Section        0  stm32g4xx_hal_tim.o(.text.HAL_TIM_PWM_Start)
    [Anonymous Symbol]                       0x08003ae0   Section        0  main.o(.text.HAL_TIM_PeriodElapsedCallback)
    [Anonymous Symbol]                       0x08003b40   Section        0  stm32g4xx_hal_tim.o(.text.HAL_TIM_TriggerCallback)
    [Anonymous Symbol]                       0x08003b44   Section        0  stm32g4xx_hal_uart_ex.o(.text.HAL_UARTEx_DisableFifoMode)
    [Anonymous Symbol]                       0x08003b7c   Section        0  stm32g4xx_hal_uart_ex.o(.text.HAL_UARTEx_SetRxFifoThreshold)
    [Anonymous Symbol]                       0x08003c08   Section        0  stm32g4xx_hal_uart_ex.o(.text.HAL_UARTEx_SetTxFifoThreshold)
    [Anonymous Symbol]                       0x08003c94   Section        0  stm32g4xx_hal_uart.o(.text.HAL_UART_Init)
    [Anonymous Symbol]                       0x08003cf8   Section        0  usart.o(.text.HAL_UART_MspInit)
    [Anonymous Symbol]                       0x08003d78   Section        0  stm32g4xx_hal_uart.o(.text.HAL_UART_Transmit)
    [Anonymous Symbol]                       0x08003ef8   Section        0  stm32g4xx_it.o(.text.HardFault_Handler)
    [Anonymous Symbol]                       0x08003efc   Section        0  bldc.o(.text.InitBLDC)
    [Anonymous Symbol]                       0x080040c0   Section        0  cordic_.o(.text.InitCordic)
    [Anonymous Symbol]                       0x080040e0   Section        0  smo.o(.text.Init_SMO)
    [Anonymous Symbol]                       0x08004120   Section        0  mt6816.o(.text.MT6816_ReadVal)
    [Anonymous Symbol]                       0x0800419c   Section        0  adc.o(.text.MX_ADC1_Init)
    [Anonymous Symbol]                       0x08004244   Section        0  adc.o(.text.MX_ADC2_Init)
    [Anonymous Symbol]                       0x080042c4   Section        0  cordic.o(.text.MX_CORDIC_Init)
    [Anonymous Symbol]                       0x080042e4   Section        0  gpio.o(.text.MX_GPIO_Init)
    [Anonymous Symbol]                       0x080043c8   Section        0  spi.o(.text.MX_SPI2_Init)
    [Anonymous Symbol]                       0x0800441c   Section        0  tim.o(.text.MX_TIM1_Init)
    [Anonymous Symbol]                       0x08004574   Section        0  usart.o(.text.MX_USART2_UART_Init)
    [Anonymous Symbol]                       0x080045f8   Section        0  stm32g4xx_it.o(.text.MemManage_Handler)
    [Anonymous Symbol]                       0x080045fc   Section        0  stm32g4xx_it.o(.text.NMI_Handler)
    [Anonymous Symbol]                       0x08004600   Section        0  pid.o(.text.PIDP)
    [Anonymous Symbol]                       0x0800468c   Section        0  stm32g4xx_it.o(.text.PendSV_Handler)
    SPI_WaitFifoStateUntilTimeout            0x08004691   Thumb Code   390  stm32g4xx_hal_spi.o(.text.SPI_WaitFifoStateUntilTimeout)
    [Anonymous Symbol]                       0x08004690   Section        0  stm32g4xx_hal_spi.o(.text.SPI_WaitFifoStateUntilTimeout)
    SPI_WaitFlagStateUntilTimeout            0x08004819   Thumb Code   206  stm32g4xx_hal_spi.o(.text.SPI_WaitFlagStateUntilTimeout)
    [Anonymous Symbol]                       0x08004818   Section        0  stm32g4xx_hal_spi.o(.text.SPI_WaitFlagStateUntilTimeout)
    [Anonymous Symbol]                       0x080048e8   Section        0  stm32g4xx_it.o(.text.SVC_Handler)
    [Anonymous Symbol]                       0x080048ec   Section        0  svpwm.o(.text.SV_PWM_Cal)
    [Anonymous Symbol]                       0x08004c5c   Section        0  stm32g4xx_it.o(.text.SysTick_Handler)
    [Anonymous Symbol]                       0x08004c60   Section        0  system_stm32g4xx.o(.text.SystemInit)
    [Anonymous Symbol]                       0x08004c74   Section        0  stm32g4xx_it.o(.text.TIM1_CC_IRQHandler)
    [Anonymous Symbol]                       0x08004c80   Section        0  stm32g4xx_it.o(.text.TIM1_TRG_COM_TIM17_IRQHandler)
    [Anonymous Symbol]                       0x08004c8c   Section        0  stm32g4xx_it.o(.text.TIM1_UP_TIM16_IRQHandler)
    [Anonymous Symbol]                       0x08004c98   Section        0  stm32g4xx_hal_tim.o(.text.TIM_Base_SetConfig)
    [Anonymous Symbol]                       0x08004db4   Section        0  stm32g4xx_hal_uart.o(.text.UART_AdvFeatureConfig)
    [Anonymous Symbol]                       0x08004e9c   Section        0  stm32g4xx_hal_uart.o(.text.UART_CheckIdleState)
    [Anonymous Symbol]                       0x0800500c   Section        0  stm32g4xx_hal_uart.o(.text.UART_SetConfig)
    [Anonymous Symbol]                       0x080052b0   Section        0  stm32g4xx_hal_uart.o(.text.UART_WaitOnFlagUntilTimeout)
    [Anonymous Symbol]                       0x080055f8   Section        0  stm32g4xx_it.o(.text.UsageFault_Handler)
    [Anonymous Symbol]                       0x08005600   Section        0  cordic_.o(.text.angleanaloging)
    [Anonymous Symbol]                       0x08005674   Section        0  main.o(.text.fputc)
    [Anonymous Symbol]                       0x08005694   Section        0  pid.o(.text.initPIDP)
    [Anonymous Symbol]                       0x080056b0   Section        0  main.o(.text.main)
    i.__0printf                              0x08005828   Section        0  printfa.o(i.__0printf)
    i.__scatterload_copy                     0x08005848   Section       14  handlers.o(i.__scatterload_copy)
    i.__scatterload_null                     0x08005856   Section        2  handlers.o(i.__scatterload_null)
    i.__scatterload_zeroinit                 0x08005858   Section       14  handlers.o(i.__scatterload_zeroinit)
    _fp_digits                               0x08005869   Thumb Code   366  printfa.o(i._fp_digits)
    i._fp_digits                             0x08005868   Section        0  printfa.o(i._fp_digits)
    _printf_core                             0x080059ed   Thumb Code  1744  printfa.o(i._printf_core)
    i._printf_core                           0x080059ec   Section        0  printfa.o(i._printf_core)
    _printf_post_padding                     0x080060c9   Thumb Code    36  printfa.o(i._printf_post_padding)
    i._printf_post_padding                   0x080060c8   Section        0  printfa.o(i._printf_post_padding)
    _printf_pre_padding                      0x080060ed   Thumb Code    46  printfa.o(i._printf_pre_padding)
    i._printf_pre_padding                    0x080060ec   Section        0  printfa.o(i._printf_pre_padding)
    .Lswitch.table.HAL_TIM_IC_Start_IT       0x0800614c   Data          16  stm32g4xx_hal_tim.o(.rodata.cst16)
    .Lswitch.table.HAL_TIM_IC_Stop_IT        0x0800615c   Data          16  stm32g4xx_hal_tim.o(.rodata.cst16)
    .Lswitch.table.UART_SetConfig.4          0x0800616c   Data          16  stm32g4xx_hal_uart.o(.rodata.cst16)
    UARTEx_SetNbDataToProcess.numerator      0x0800617c   Data           8  stm32g4xx_hal_uart_ex.o(.rodata.cst8)
    [Anonymous Symbol]                       0x0800617c   Section        0  stm32g4xx_hal_uart_ex.o(.rodata.cst8)
    UARTEx_SetNbDataToProcess.denominator    0x08006184   Data           8  stm32g4xx_hal_uart_ex.o(.rodata.cst8)
    .data                                    0x20000000   Section        4  stdout.o(.data)
    .L_MergedGlobals                         0x20000004   Data           8  stm32g4xx_hal.o(.data..L_MergedGlobals)
    [Anonymous Symbol]                       0x20000004   Section        0  stm32g4xx_hal.o(.data..L_MergedGlobals)
    HAL_RCC_ADC12_CLK_ENABLED                0x20000018   Data           4  adc.o(.bss.HAL_RCC_ADC12_CLK_ENABLED)
    [Anonymous Symbol]                       0x20000018   Section        0  adc.o(.bss.HAL_RCC_ADC12_CLK_ENABLED)
    STACK                                    0x20000418   Section     1024  startup_stm32g431xx.o(STACK)

    Global Symbols

    Symbol Name                              Value     Ov Type        Size  Object(Section)

    BuildAttributes$$THM_ISAv4$E$P$D$K$B$S$7EM$VFPi3$EXTD16$VFPS$VFMA$PE$A:L22UL41UL21$X:L11$S22US41US21$IEEE1$IW$~IW$USESV6$~STKCKD$USESV7$~SHL$OTIME$ROPI$IEEEX$EBA8$MICROLIB$REQ8$PRES8$EABIv2 0x00000000   Number         0  anon$$obj.o ABSOLUTE
    _printf_a                                0x00000000   Number         0  printfstubs.o ABSOLUTE
    _printf_c                                0x00000000   Number         0  printfstubs.o ABSOLUTE
    _printf_charcount                        0x00000000   Number         0  printfstubs.o ABSOLUTE
    _printf_d                                0x00000000   Number         0  printfstubs.o ABSOLUTE
    _printf_e                                0x00000000   Number         0  printfstubs.o ABSOLUTE
    _printf_f                                0x00000000   Number         0  printfstubs.o ABSOLUTE
    _printf_flags                            0x00000000   Number         0  printfstubs.o ABSOLUTE
    _printf_fp_dec                           0x00000000   Number         0  printfstubs.o ABSOLUTE
    _printf_fp_hex                           0x00000000   Number         0  printfstubs.o ABSOLUTE
    _printf_g                                0x00000000   Number         0  printfstubs.o ABSOLUTE
    _printf_i                                0x00000000   Number         0  printfstubs.o ABSOLUTE
    _printf_int_dec                          0x00000000   Number         0  printfstubs.o ABSOLUTE
    _printf_l                                0x00000000   Number         0  printfstubs.o ABSOLUTE
    _printf_lc                               0x00000000   Number         0  printfstubs.o ABSOLUTE
    _printf_ll                               0x00000000   Number         0  printfstubs.o ABSOLUTE
    _printf_lld                              0x00000000   Number         0  printfstubs.o ABSOLUTE
    _printf_lli                              0x00000000   Number         0  printfstubs.o ABSOLUTE
    _printf_llo                              0x00000000   Number         0  printfstubs.o ABSOLUTE
    _printf_llu                              0x00000000   Number         0  printfstubs.o ABSOLUTE
    _printf_llx                              0x00000000   Number         0  printfstubs.o ABSOLUTE
    _printf_longlong_dec                     0x00000000   Number         0  printfstubs.o ABSOLUTE
    _printf_longlong_hex                     0x00000000   Number         0  printfstubs.o ABSOLUTE
    _printf_longlong_oct                     0x00000000   Number         0  printfstubs.o ABSOLUTE
    _printf_ls                               0x00000000   Number         0  printfstubs.o ABSOLUTE
    _printf_mbtowc                           0x00000000   Number         0  printfstubs.o ABSOLUTE
    _printf_n                                0x00000000   Number         0  printfstubs.o ABSOLUTE
    _printf_o                                0x00000000   Number         0  printfstubs.o ABSOLUTE
    _printf_p                                0x00000000   Number         0  printfstubs.o ABSOLUTE
    _printf_percent                          0x00000000   Number         0  printfstubs.o ABSOLUTE
    _printf_pre_padding                      0x00000000   Number         0  printfstubs.o ABSOLUTE
    _printf_return_value                     0x00000000   Number         0  printfstubs.o ABSOLUTE
    _printf_s                                0x00000000   Number         0  printfstubs.o ABSOLUTE
    _printf_sizespec                         0x00000000   Number         0  printfstubs.o ABSOLUTE
    _printf_str                              0x00000000   Number         0  printfstubs.o ABSOLUTE
    _printf_truncate_signed                  0x00000000   Number         0  printfstubs.o ABSOLUTE
    _printf_truncate_unsigned                0x00000000   Number         0  printfstubs.o ABSOLUTE
    _printf_u                                0x00000000   Number         0  printfstubs.o ABSOLUTE
    _printf_wc                               0x00000000   Number         0  printfstubs.o ABSOLUTE
    _printf_wctomb                           0x00000000   Number         0  printfstubs.o ABSOLUTE
    _printf_widthprec                        0x00000000   Number         0  printfstubs.o ABSOLUTE
    _printf_x                                0x00000000   Number         0  printfstubs.o ABSOLUTE
    __cpp_initialize__aeabi_                  - Undefined Weak Reference
    __cxa_finalize                            - Undefined Weak Reference
    __decompress                              - Undefined Weak Reference
    _clock_init                               - Undefined Weak Reference
    _microlib_exit                            - Undefined Weak Reference
    __Vectors_Size                           0x000001d8   Number         0  startup_stm32g431xx.o ABSOLUTE
    __Vectors                                0x08000000   Data           4  startup_stm32g431xx.o(RESET)
    __Vectors_End                            0x080001d8   Data           0  startup_stm32g431xx.o(RESET)
    __main                                   0x080001d9   Thumb Code     0  entry.o(.ARM.Collect$$$$00000000)
    _main_stk                                0x080001d9   Thumb Code     0  entry2.o(.ARM.Collect$$$$00000001)
    _main_scatterload                        0x080001dd   Thumb Code     0  entry5.o(.ARM.Collect$$$$00000004)
    __main_after_scatterload                 0x080001e1   Thumb Code     0  entry5.o(.ARM.Collect$$$$00000004)
    _main_clock                              0x080001e1   Thumb Code     0  entry7b.o(.ARM.Collect$$$$00000008)
    _main_cpp_init                           0x080001e1   Thumb Code     0  entry8b.o(.ARM.Collect$$$$0000000A)
    _main_init                               0x080001e1   Thumb Code     0  entry9a.o(.ARM.Collect$$$$0000000B)
    __rt_final_cpp                           0x080001e9   Thumb Code     0  entry10a.o(.ARM.Collect$$$$0000000D)
    __rt_final_exit                          0x080001e9   Thumb Code     0  entry11a.o(.ARM.Collect$$$$0000000F)
    Reset_Handler                            0x080001ed   Thumb Code     8  startup_stm32g431xx.o(.text)
    ADC1_2_IRQHandler                        0x08000207   Thumb Code     0  startup_stm32g431xx.o(.text)
    COMP1_2_3_IRQHandler                     0x08000207   Thumb Code     0  startup_stm32g431xx.o(.text)
    COMP4_IRQHandler                         0x08000207   Thumb Code     0  startup_stm32g431xx.o(.text)
    CORDIC_IRQHandler                        0x08000207   Thumb Code     0  startup_stm32g431xx.o(.text)
    CRS_IRQHandler                           0x08000207   Thumb Code     0  startup_stm32g431xx.o(.text)
    DMA1_Channel1_IRQHandler                 0x08000207   Thumb Code     0  startup_stm32g431xx.o(.text)
    DMA1_Channel2_IRQHandler                 0x08000207   Thumb Code     0  startup_stm32g431xx.o(.text)
    DMA1_Channel3_IRQHandler                 0x08000207   Thumb Code     0  startup_stm32g431xx.o(.text)
    DMA1_Channel4_IRQHandler                 0x08000207   Thumb Code     0  startup_stm32g431xx.o(.text)
    DMA1_Channel5_IRQHandler                 0x08000207   Thumb Code     0  startup_stm32g431xx.o(.text)
    DMA1_Channel6_IRQHandler                 0x08000207   Thumb Code     0  startup_stm32g431xx.o(.text)
    DMA2_Channel1_IRQHandler                 0x08000207   Thumb Code     0  startup_stm32g431xx.o(.text)
    DMA2_Channel2_IRQHandler                 0x08000207   Thumb Code     0  startup_stm32g431xx.o(.text)
    DMA2_Channel3_IRQHandler                 0x08000207   Thumb Code     0  startup_stm32g431xx.o(.text)
    DMA2_Channel4_IRQHandler                 0x08000207   Thumb Code     0  startup_stm32g431xx.o(.text)
    DMA2_Channel5_IRQHandler                 0x08000207   Thumb Code     0  startup_stm32g431xx.o(.text)
    DMA2_Channel6_IRQHandler                 0x08000207   Thumb Code     0  startup_stm32g431xx.o(.text)
    DMAMUX_OVR_IRQHandler                    0x08000207   Thumb Code     0  startup_stm32g431xx.o(.text)
    EXTI0_IRQHandler                         0x08000207   Thumb Code     0  startup_stm32g431xx.o(.text)
    EXTI15_10_IRQHandler                     0x08000207   Thumb Code     0  startup_stm32g431xx.o(.text)
    EXTI1_IRQHandler                         0x08000207   Thumb Code     0  startup_stm32g431xx.o(.text)
    EXTI2_IRQHandler                         0x08000207   Thumb Code     0  startup_stm32g431xx.o(.text)
    EXTI3_IRQHandler                         0x08000207   Thumb Code     0  startup_stm32g431xx.o(.text)
    EXTI4_IRQHandler                         0x08000207   Thumb Code     0  startup_stm32g431xx.o(.text)
    EXTI9_5_IRQHandler                       0x08000207   Thumb Code     0  startup_stm32g431xx.o(.text)
    FDCAN1_IT0_IRQHandler                    0x08000207   Thumb Code     0  startup_stm32g431xx.o(.text)
    FDCAN1_IT1_IRQHandler                    0x08000207   Thumb Code     0  startup_stm32g431xx.o(.text)
    FLASH_IRQHandler                         0x08000207   Thumb Code     0  startup_stm32g431xx.o(.text)
    FMAC_IRQHandler                          0x08000207   Thumb Code     0  startup_stm32g431xx.o(.text)
    FPU_IRQHandler                           0x08000207   Thumb Code     0  startup_stm32g431xx.o(.text)
    I2C1_ER_IRQHandler                       0x08000207   Thumb Code     0  startup_stm32g431xx.o(.text)
    I2C1_EV_IRQHandler                       0x08000207   Thumb Code     0  startup_stm32g431xx.o(.text)
    I2C2_ER_IRQHandler                       0x08000207   Thumb Code     0  startup_stm32g431xx.o(.text)
    I2C2_EV_IRQHandler                       0x08000207   Thumb Code     0  startup_stm32g431xx.o(.text)
    I2C3_ER_IRQHandler                       0x08000207   Thumb Code     0  startup_stm32g431xx.o(.text)
    I2C3_EV_IRQHandler                       0x08000207   Thumb Code     0  startup_stm32g431xx.o(.text)
    LPTIM1_IRQHandler                        0x08000207   Thumb Code     0  startup_stm32g431xx.o(.text)
    LPUART1_IRQHandler                       0x08000207   Thumb Code     0  startup_stm32g431xx.o(.text)
    PVD_PVM_IRQHandler                       0x08000207   Thumb Code     0  startup_stm32g431xx.o(.text)
    RCC_IRQHandler                           0x08000207   Thumb Code     0  startup_stm32g431xx.o(.text)
    RNG_IRQHandler                           0x08000207   Thumb Code     0  startup_stm32g431xx.o(.text)
    RTC_Alarm_IRQHandler                     0x08000207   Thumb Code     0  startup_stm32g431xx.o(.text)
    RTC_TAMP_LSECSS_IRQHandler               0x08000207   Thumb Code     0  startup_stm32g431xx.o(.text)
    RTC_WKUP_IRQHandler                      0x08000207   Thumb Code     0  startup_stm32g431xx.o(.text)
    SAI1_IRQHandler                          0x08000207   Thumb Code     0  startup_stm32g431xx.o(.text)
    SPI1_IRQHandler                          0x08000207   Thumb Code     0  startup_stm32g431xx.o(.text)
    SPI2_IRQHandler                          0x08000207   Thumb Code     0  startup_stm32g431xx.o(.text)
    SPI3_IRQHandler                          0x08000207   Thumb Code     0  startup_stm32g431xx.o(.text)
    TIM1_BRK_TIM15_IRQHandler                0x08000207   Thumb Code     0  startup_stm32g431xx.o(.text)
    TIM2_IRQHandler                          0x08000207   Thumb Code     0  startup_stm32g431xx.o(.text)
    TIM3_IRQHandler                          0x08000207   Thumb Code     0  startup_stm32g431xx.o(.text)
    TIM4_IRQHandler                          0x08000207   Thumb Code     0  startup_stm32g431xx.o(.text)
    TIM6_DAC_IRQHandler                      0x08000207   Thumb Code     0  startup_stm32g431xx.o(.text)
    TIM7_IRQHandler                          0x08000207   Thumb Code     0  startup_stm32g431xx.o(.text)
    TIM8_BRK_IRQHandler                      0x08000207   Thumb Code     0  startup_stm32g431xx.o(.text)
    TIM8_CC_IRQHandler                       0x08000207   Thumb Code     0  startup_stm32g431xx.o(.text)
    TIM8_TRG_COM_IRQHandler                  0x08000207   Thumb Code     0  startup_stm32g431xx.o(.text)
    TIM8_UP_IRQHandler                       0x08000207   Thumb Code     0  startup_stm32g431xx.o(.text)
    UART4_IRQHandler                         0x08000207   Thumb Code     0  startup_stm32g431xx.o(.text)
    UCPD1_IRQHandler                         0x08000207   Thumb Code     0  startup_stm32g431xx.o(.text)
    USART1_IRQHandler                        0x08000207   Thumb Code     0  startup_stm32g431xx.o(.text)
    USART2_IRQHandler                        0x08000207   Thumb Code     0  startup_stm32g431xx.o(.text)
    USART3_IRQHandler                        0x08000207   Thumb Code     0  startup_stm32g431xx.o(.text)
    USBWakeUp_IRQHandler                     0x08000207   Thumb Code     0  startup_stm32g431xx.o(.text)
    USB_HP_IRQHandler                        0x08000207   Thumb Code     0  startup_stm32g431xx.o(.text)
    USB_LP_IRQHandler                        0x08000207   Thumb Code     0  startup_stm32g431xx.o(.text)
    WWDG_IRQHandler                          0x08000207   Thumb Code     0  startup_stm32g431xx.o(.text)
    __aeabi_uldivmod                         0x08000211   Thumb Code    98  uldiv.o(.text)
    __aeabi_memset                           0x08000273   Thumb Code    14  memseta.o(.text)
    __aeabi_memset4                          0x08000273   Thumb Code     0  memseta.o(.text)
    __aeabi_memset8                          0x08000273   Thumb Code     0  memseta.o(.text)
    __aeabi_memclr                           0x08000281   Thumb Code     4  memseta.o(.text)
    __aeabi_memclr4                          0x08000281   Thumb Code     0  memseta.o(.text)
    __aeabi_memclr8                          0x08000281   Thumb Code     0  memseta.o(.text)
    _memset$wrapper                          0x08000285   Thumb Code    18  memseta.o(.text)
    __aeabi_dadd                             0x08000297   Thumb Code   322  dadd.o(.text)
    __aeabi_dsub                             0x080003d9   Thumb Code     6  dadd.o(.text)
    __aeabi_drsub                            0x080003df   Thumb Code     6  dadd.o(.text)
    __aeabi_dcmpge                           0x080003e5   Thumb Code    54  dcmpge.o(.text)
    __aeabi_f2d                              0x0800041b   Thumb Code    38  f2d.o(.text)
    __aeabi_d2f                              0x08000441   Thumb Code    56  d2f.o(.text)
    __aeabi_uidiv                            0x08000479   Thumb Code     0  uidiv.o(.text)
    __aeabi_uidivmod                         0x08000479   Thumb Code    44  uidiv.o(.text)
    __aeabi_llsl                             0x080004a5   Thumb Code    30  llshl.o(.text)
    _ll_shift_l                              0x080004a5   Thumb Code     0  llshl.o(.text)
    __aeabi_llsr                             0x080004c3   Thumb Code    32  llushr.o(.text)
    _ll_ushift_r                             0x080004c3   Thumb Code     0  llushr.o(.text)
    __aeabi_lasr                             0x080004e3   Thumb Code    36  llsshr.o(.text)
    _ll_sshift_r                             0x080004e3   Thumb Code     0  llsshr.o(.text)
    __I$use$fp                               0x08000507   Thumb Code     0  iusefp.o(.text)
    _float_round                             0x08000507   Thumb Code    18  fepilogue.o(.text)
    _float_epilogue                          0x08000519   Thumb Code    92  fepilogue.o(.text)
    _double_round                            0x08000575   Thumb Code    30  depilogue.o(.text)
    _double_epilogue                         0x08000593   Thumb Code   156  depilogue.o(.text)
    __aeabi_dmul                             0x0800062f   Thumb Code   228  dmul.o(.text)
    __aeabi_ddiv                             0x08000713   Thumb Code   222  ddiv.o(.text)
    __aeabi_d2ulz                            0x080007f1   Thumb Code    48  dfixul.o(.text)
    __aeabi_cdrcmple                         0x08000821   Thumb Code    48  cdrcmple.o(.text)
    __scatterload                            0x08000851   Thumb Code    28  init.o(.text)
    __scatterload_rt2                        0x08000851   Thumb Code     0  init.o(.text)
    ADC_Enable                               0x08000875   Thumb Code   246  stm32g4xx_hal_adc.o(.text.ADC_Enable)
    BusFault_Handler                         0x0800096d   Thumb Code     2  stm32g4xx_it.o(.text.BusFault_Handler)
    Cordic_SinCosCal_Acquire                 0x08000971   Thumb Code   120  cordic_.o(.text.Cordic_SinCosCal_Acquire)
    Cordic_SinCosCal_Input                   0x080009e9   Thumb Code    44  cordic_.o(.text.Cordic_SinCosCal_Input)
    DebugMon_Handler                         0x08000a15   Thumb Code     2  stm32g4xx_it.o(.text.DebugMon_Handler)
    Error_Handler                            0x08000a19   Thumb Code    10  main.o(.text.Error_Handler)
    HAL_ADCEx_MultiModeConfigChannel         0x08000a25   Thumb Code   192  stm32g4xx_hal_adc_ex.o(.text.HAL_ADCEx_MultiModeConfigChannel)
    HAL_ADC_ConfigChannel                    0x08000ae5   Thumb Code   946  stm32g4xx_hal_adc.o(.text.HAL_ADC_ConfigChannel)
    HAL_ADC_GetState                         0x08000e99   Thumb Code     4  stm32g4xx_hal_adc.o(.text.HAL_ADC_GetState)
    HAL_ADC_GetValue                         0x08000e9d   Thumb Code     6  stm32g4xx_hal_adc.o(.text.HAL_ADC_GetValue)
    HAL_ADC_Init                             0x08000ea5   Thumb Code   576  stm32g4xx_hal_adc.o(.text.HAL_ADC_Init)
    HAL_ADC_MspInit                          0x080010e5   Thumb Code   248  adc.o(.text.HAL_ADC_MspInit)
    HAL_ADC_Start                            0x080011dd   Thumb Code   224  stm32g4xx_hal_adc.o(.text.HAL_ADC_Start)
    HAL_Delay                                0x080012bd   Thumb Code    40  stm32g4xx_hal.o(.text.HAL_Delay)
    HAL_GPIO_Init                            0x080012e5   Thumb Code   474  stm32g4xx_hal_gpio.o(.text.HAL_GPIO_Init)
    HAL_GPIO_TogglePin                       0x080014c1   Thumb Code    16  stm32g4xx_hal_gpio.o(.text.HAL_GPIO_TogglePin)
    HAL_GPIO_WritePin                        0x080014d1   Thumb Code    12  stm32g4xx_hal_gpio.o(.text.HAL_GPIO_WritePin)
    HAL_GetTick                              0x080014dd   Thumb Code    12  stm32g4xx_hal.o(.text.HAL_GetTick)
    HAL_IncTick                              0x080014e9   Thumb Code    26  stm32g4xx_hal.o(.text.HAL_IncTick)
    HAL_Init                                 0x08001505   Thumb Code    30  stm32g4xx_hal.o(.text.HAL_Init)
    HAL_InitTick                             0x08001525   Thumb Code    76  stm32g4xx_hal.o(.text.HAL_InitTick)
    HAL_MspInit                              0x08001571   Thumb Code    52  stm32g4xx_hal_msp.o(.text.HAL_MspInit)
    HAL_NVIC_EnableIRQ                       0x080015a5   Thumb Code    32  stm32g4xx_hal_cortex.o(.text.HAL_NVIC_EnableIRQ)
    HAL_NVIC_SetPriority                     0x080015c5   Thumb Code    86  stm32g4xx_hal_cortex.o(.text.HAL_NVIC_SetPriority)
    HAL_NVIC_SetPriorityGrouping             0x0800161d   Thumb Code    32  stm32g4xx_hal_cortex.o(.text.HAL_NVIC_SetPriorityGrouping)
    HAL_PWREx_ControlVoltageScaling          0x0800163d   Thumb Code   294  stm32g4xx_hal_pwr_ex.o(.text.HAL_PWREx_ControlVoltageScaling)
    HAL_PWREx_DisableUCPDDeadBattery         0x08001765   Thumb Code    18  stm32g4xx_hal_pwr_ex.o(.text.HAL_PWREx_DisableUCPDDeadBattery)
    HAL_RCCEx_PeriphCLKConfig                0x08001779   Thumb Code   618  stm32g4xx_hal_rcc_ex.o(.text.HAL_RCCEx_PeriphCLKConfig)
    HAL_RCC_ClockConfig                      0x080019e5   Thumb Code   788  stm32g4xx_hal_rcc.o(.text.HAL_RCC_ClockConfig)
    HAL_RCC_GetPCLK1Freq                     0x08001cf9   Thumb Code    42  stm32g4xx_hal_rcc.o(.text.HAL_RCC_GetPCLK1Freq)
    HAL_RCC_GetPCLK2Freq                     0x08001d25   Thumb Code    42  stm32g4xx_hal_rcc.o(.text.HAL_RCC_GetPCLK2Freq)
    HAL_RCC_GetSysClockFreq                  0x08001d51   Thumb Code   122  stm32g4xx_hal_rcc.o(.text.HAL_RCC_GetSysClockFreq)
    HAL_RCC_OscConfig                        0x08001dcd   Thumb Code  1194  stm32g4xx_hal_rcc.o(.text.HAL_RCC_OscConfig)
    HAL_SPI_Init                             0x08002279   Thumb Code   228  stm32g4xx_hal_spi.o(.text.HAL_SPI_Init)
    HAL_SPI_MspInit                          0x0800235d   Thumb Code   106  spi.o(.text.HAL_SPI_MspInit)
    HAL_SPI_TransmitReceive                  0x080023c9   Thumb Code   778  stm32g4xx_hal_spi.o(.text.HAL_SPI_TransmitReceive)
    HAL_SYSTICK_Config                       0x080026d5   Thumb Code    44  stm32g4xx_hal_cortex.o(.text.HAL_SYSTICK_Config)
    HAL_TIMEx_Break2Callback                 0x08002701   Thumb Code     2  stm32g4xx_hal_tim_ex.o(.text.HAL_TIMEx_Break2Callback)
    HAL_TIMEx_BreakCallback                  0x08002705   Thumb Code     2  stm32g4xx_hal_tim_ex.o(.text.HAL_TIMEx_BreakCallback)
    HAL_TIMEx_CommutCallback                 0x08002709   Thumb Code     2  stm32g4xx_hal_tim_ex.o(.text.HAL_TIMEx_CommutCallback)
    HAL_TIMEx_ConfigBreakDeadTime            0x0800270d   Thumb Code   202  stm32g4xx_hal_tim_ex.o(.text.HAL_TIMEx_ConfigBreakDeadTime)
    HAL_TIMEx_DirectionChangeCallback        0x080027d9   Thumb Code     2  stm32g4xx_hal_tim_ex.o(.text.HAL_TIMEx_DirectionChangeCallback)
    HAL_TIMEx_EncoderIndexCallback           0x080027dd   Thumb Code     2  stm32g4xx_hal_tim_ex.o(.text.HAL_TIMEx_EncoderIndexCallback)
    HAL_TIMEx_IndexErrorCallback             0x080027e1   Thumb Code     2  stm32g4xx_hal_tim_ex.o(.text.HAL_TIMEx_IndexErrorCallback)
    HAL_TIMEx_MasterConfigSynchronization    0x080027e5   Thumb Code   162  stm32g4xx_hal_tim_ex.o(.text.HAL_TIMEx_MasterConfigSynchronization)
    HAL_TIMEx_PWMN_Start                     0x08002889   Thumb Code   234  stm32g4xx_hal_tim_ex.o(.text.HAL_TIMEx_PWMN_Start)
    HAL_TIMEx_TransitionErrorCallback        0x08002975   Thumb Code     2  stm32g4xx_hal_tim_ex.o(.text.HAL_TIMEx_TransitionErrorCallback)
    HAL_TIM_IC_CaptureCallback               0x08002979   Thumb Code     2  stm32g4xx_hal_tim.o(.text.HAL_TIM_IC_CaptureCallback)
    HAL_TIM_IRQHandler                       0x0800297d   Thumb Code   460  stm32g4xx_hal_tim.o(.text.HAL_TIM_IRQHandler)
    HAL_TIM_MspPostInit                      0x08002b49   Thumb Code   178  tim.o(.text.HAL_TIM_MspPostInit)
    HAL_TIM_OC_ConfigChannel                 0x08002bfd   Thumb Code   818  stm32g4xx_hal_tim.o(.text.HAL_TIM_OC_ConfigChannel)
    HAL_TIM_OC_DelayElapsedCallback          0x08002f31   Thumb Code   832  bldc.o(.text.HAL_TIM_OC_DelayElapsedCallback)
    HAL_TIM_OC_Init                          0x08003271   Thumb Code    98  stm32g4xx_hal_tim.o(.text.HAL_TIM_OC_Init)
    HAL_TIM_OC_MspInit                       0x080032d5   Thumb Code     2  stm32g4xx_hal_tim.o(.text.HAL_TIM_OC_MspInit)
    HAL_TIM_OC_Start_IT                      0x080032d9   Thumb Code   490  stm32g4xx_hal_tim.o(.text.HAL_TIM_OC_Start_IT)
    HAL_TIM_PWM_ConfigChannel                0x080034c5   Thumb Code   962  stm32g4xx_hal_tim.o(.text.HAL_TIM_PWM_ConfigChannel)
    HAL_TIM_PWM_Init                         0x08003889   Thumb Code    98  stm32g4xx_hal_tim.o(.text.HAL_TIM_PWM_Init)
    HAL_TIM_PWM_MspInit                      0x080038ed   Thumb Code   102  tim.o(.text.HAL_TIM_PWM_MspInit)
    HAL_TIM_PWM_PulseFinishedCallback        0x08003955   Thumb Code     2  stm32g4xx_hal_tim.o(.text.HAL_TIM_PWM_PulseFinishedCallback)
    HAL_TIM_PWM_Start                        0x08003959   Thumb Code   390  stm32g4xx_hal_tim.o(.text.HAL_TIM_PWM_Start)
    HAL_TIM_PeriodElapsedCallback            0x08003ae1   Thumb Code    94  main.o(.text.HAL_TIM_PeriodElapsedCallback)
    HAL_TIM_TriggerCallback                  0x08003b41   Thumb Code     2  stm32g4xx_hal_tim.o(.text.HAL_TIM_TriggerCallback)
    HAL_UARTEx_DisableFifoMode               0x08003b45   Thumb Code    54  stm32g4xx_hal_uart_ex.o(.text.HAL_UARTEx_DisableFifoMode)
    HAL_UARTEx_SetRxFifoThreshold            0x08003b7d   Thumb Code   140  stm32g4xx_hal_uart_ex.o(.text.HAL_UARTEx_SetRxFifoThreshold)
    HAL_UARTEx_SetTxFifoThreshold            0x08003c09   Thumb Code   140  stm32g4xx_hal_uart_ex.o(.text.HAL_UARTEx_SetTxFifoThreshold)
    HAL_UART_Init                            0x08003c95   Thumb Code   100  stm32g4xx_hal_uart.o(.text.HAL_UART_Init)
    HAL_UART_MspInit                         0x08003cf9   Thumb Code   128  usart.o(.text.HAL_UART_MspInit)
    HAL_UART_Transmit                        0x08003d79   Thumb Code   384  stm32g4xx_hal_uart.o(.text.HAL_UART_Transmit)
    HardFault_Handler                        0x08003ef9   Thumb Code     2  stm32g4xx_it.o(.text.HardFault_Handler)
    InitBLDC                                 0x08003efd   Thumb Code   452  bldc.o(.text.InitBLDC)
    InitCordic                               0x080040c1   Thumb Code    32  cordic_.o(.text.InitCordic)
    Init_SMO                                 0x080040e1   Thumb Code    62  smo.o(.text.Init_SMO)
    MT6816_ReadVal                           0x08004121   Thumb Code   122  mt6816.o(.text.MT6816_ReadVal)
    MX_ADC1_Init                             0x0800419d   Thumb Code   168  adc.o(.text.MX_ADC1_Init)
    MX_ADC2_Init                             0x08004245   Thumb Code   128  adc.o(.text.MX_ADC2_Init)
    MX_CORDIC_Init                           0x080042c5   Thumb Code    32  cordic.o(.text.MX_CORDIC_Init)
    MX_GPIO_Init                             0x080042e5   Thumb Code   228  gpio.o(.text.MX_GPIO_Init)
    MX_SPI2_Init                             0x080043c9   Thumb Code    82  spi.o(.text.MX_SPI2_Init)
    MX_TIM1_Init                             0x0800441d   Thumb Code   342  tim.o(.text.MX_TIM1_Init)
    MX_USART2_UART_Init                      0x08004575   Thumb Code   130  usart.o(.text.MX_USART2_UART_Init)
    MemManage_Handler                        0x080045f9   Thumb Code     2  stm32g4xx_it.o(.text.MemManage_Handler)
    NMI_Handler                              0x080045fd   Thumb Code     2  stm32g4xx_it.o(.text.NMI_Handler)
    PIDP                                     0x08004601   Thumb Code   138  pid.o(.text.PIDP)
    PendSV_Handler                           0x0800468d   Thumb Code     2  stm32g4xx_it.o(.text.PendSV_Handler)
    SVC_Handler                              0x080048e9   Thumb Code     2  stm32g4xx_it.o(.text.SVC_Handler)
    SV_PWM_Cal                               0x080048ed   Thumb Code   880  svpwm.o(.text.SV_PWM_Cal)
    SysTick_Handler                          0x08004c5d   Thumb Code     4  stm32g4xx_it.o(.text.SysTick_Handler)
    SystemInit                               0x08004c61   Thumb Code    18  system_stm32g4xx.o(.text.SystemInit)
    TIM1_CC_IRQHandler                       0x08004c75   Thumb Code    12  stm32g4xx_it.o(.text.TIM1_CC_IRQHandler)
    TIM1_TRG_COM_TIM17_IRQHandler            0x08004c81   Thumb Code    12  stm32g4xx_it.o(.text.TIM1_TRG_COM_TIM17_IRQHandler)
    TIM1_UP_TIM16_IRQHandler                 0x08004c8d   Thumb Code    12  stm32g4xx_it.o(.text.TIM1_UP_TIM16_IRQHandler)
    TIM_Base_SetConfig                       0x08004c99   Thumb Code   282  stm32g4xx_hal_tim.o(.text.TIM_Base_SetConfig)
    UART_AdvFeatureConfig                    0x08004db5   Thumb Code   232  stm32g4xx_hal_uart.o(.text.UART_AdvFeatureConfig)
    UART_CheckIdleState                      0x08004e9d   Thumb Code   366  stm32g4xx_hal_uart.o(.text.UART_CheckIdleState)
    UART_SetConfig                           0x0800500d   Thumb Code   660  stm32g4xx_hal_uart.o(.text.UART_SetConfig)
    UART_WaitOnFlagUntilTimeout              0x080052b1   Thumb Code   840  stm32g4xx_hal_uart.o(.text.UART_WaitOnFlagUntilTimeout)
    UsageFault_Handler                       0x080055f9   Thumb Code     2  stm32g4xx_it.o(.text.UsageFault_Handler)
    angleanaloging                           0x08005601   Thumb Code   116  cordic_.o(.text.angleanaloging)
    fputc                                    0x08005675   Thumb Code    30  main.o(.text.fputc)
    initPIDP                                 0x08005695   Thumb Code    26  pid.o(.text.initPIDP)
    main                                     0x080056b1   Thumb Code   332  main.o(.text.main)
    __0printf                                0x08005829   Thumb Code    22  printfa.o(i.__0printf)
    __1printf                                0x08005829   Thumb Code     0  printfa.o(i.__0printf)
    __2printf                                0x08005829   Thumb Code     0  printfa.o(i.__0printf)
    __c89printf                              0x08005829   Thumb Code     0  printfa.o(i.__0printf)
    printf                                   0x08005829   Thumb Code     0  printfa.o(i.__0printf)
    __scatterload_copy                       0x08005849   Thumb Code    14  handlers.o(i.__scatterload_copy)
    __scatterload_null                       0x08005857   Thumb Code     2  handlers.o(i.__scatterload_null)
    __scatterload_zeroinit                   0x08005859   Thumb Code    14  handlers.o(i.__scatterload_zeroinit)
    AHBPrescTable                            0x0800611a   Data          16  system_stm32g4xx.o(.rodata.AHBPrescTable)
    APBPrescTable                            0x0800612a   Data           8  system_stm32g4xx.o(.rodata.APBPrescTable)
    UARTPrescTable                           0x08006132   Data          24  stm32g4xx_hal_uart.o(.rodata.UARTPrescTable)
    Region$$Table$$Base                      0x0800618c   Number         0  anon$$obj.o(Region$$Table)
    Region$$Table$$Limit                     0x080061ac   Number         0  anon$$obj.o(Region$$Table)
    __stdout                                 0x20000000   Data           4  stdout.o(.data)
    uwTickPrio                               0x20000004   Data           4  stm32g4xx_hal.o(.data..L_MergedGlobals)
    uwTickFreq                               0x20000008   Data           4  stm32g4xx_hal.o(.data..L_MergedGlobals)
    Sqrt3_D_2                                0x2000000c   Data           4  svpwm.o(.data.Sqrt3_D_2)
    SystemCoreClock                          0x20000010   Data           4  system_stm32g4xx.o(.data.SystemCoreClock)
    ToSendVal                                0x20000014   Data           4  mt6816.o(.data.ToSendVal)
    ThisBLDC                                 0x2000001c   Data         324  bldc.o(.bss.ThisBLDC)
    ThisS                                    0x20000160   Data          56  smo.o(.bss.ThisS)
    ThisSV                                   0x20000198   Data          80  svpwm.o(.bss.ThisSV)
    ToReadVal                                0x200001e8   Data           4  mt6816.o(.bss.ToReadVal)
    getmagval                                0x200001ec   Data           4  mt6816.o(.bss.getmagval)
    hadc1                                    0x200001f0   Data         108  adc.o(.bss.hadc1)
    hadc2                                    0x2000025c   Data         108  adc.o(.bss.hadc2)
    hspi2                                    0x200002c8   Data         100  spi.o(.bss.hspi2)
    htim1                                    0x2000032c   Data          76  tim.o(.bss.htim1)
    huart2                                   0x20000378   Data         148  usart.o(.bss.huart2)
    raw_angle_buffer                         0x2000040c   Data           2  bldc.o(.bss.raw_angle_buffer)
    theta                                    0x20000410   Data           4  main.o(.bss.theta)
    uwTick                                   0x20000414   Data           4  stm32g4xx_hal.o(.bss.uwTick)
    __initial_sp                             0x20000818   Data           0  startup_stm32g431xx.o(STACK)



==============================================================================

Memory Map of the image

  Image Entry point : 0x080001d9

  Load Region LR_IROM1 (Base: 0x08000000, Size: 0x000061c8, Max: 0x00020000, ABSOLUTE)

    Execution Region ER_IROM1 (Exec base: 0x08000000, Load base: 0x08000000, Size: 0x000061ac, Max: 0x00020000, ABSOLUTE)

    Exec Addr    Load Addr    Size         Type   Attr      Idx    E Section Name        Object

    0x08000000   0x08000000   0x000001d8   Data   RO            3    RESET               startup_stm32g431xx.o
    0x080001d8   0x080001d8   0x00000000   Code   RO         1701  * .ARM.Collect$$$$00000000  mc_w.l(entry.o)
    0x080001d8   0x080001d8   0x00000004   Code   RO         1993    .ARM.Collect$$$$00000001  mc_w.l(entry2.o)
    0x080001dc   0x080001dc   0x00000004   Code   RO         1996    .ARM.Collect$$$$00000004  mc_w.l(entry5.o)
    0x080001e0   0x080001e0   0x00000000   Code   RO         1998    .ARM.Collect$$$$00000008  mc_w.l(entry7b.o)
    0x080001e0   0x080001e0   0x00000000   Code   RO         2000    .ARM.Collect$$$$0000000A  mc_w.l(entry8b.o)
    0x080001e0   0x080001e0   0x00000008   Code   RO         2001    .ARM.Collect$$$$0000000B  mc_w.l(entry9a.o)
    0x080001e8   0x080001e8   0x00000000   Code   RO         2003    .ARM.Collect$$$$0000000D  mc_w.l(entry10a.o)
    0x080001e8   0x080001e8   0x00000000   Code   RO         2005    .ARM.Collect$$$$0000000F  mc_w.l(entry11a.o)
    0x080001e8   0x080001e8   0x00000004   Code   RO         1994    .ARM.Collect$$$$00002712  mc_w.l(entry2.o)
    0x080001ec   0x080001ec   0x00000024   Code   RO            4    .text               startup_stm32g431xx.o
    0x08000210   0x08000210   0x00000062   Code   RO         1704    .text               mc_w.l(uldiv.o)
    0x08000272   0x08000272   0x00000024   Code   RO         1706    .text               mc_w.l(memseta.o)
    0x08000296   0x08000296   0x0000014e   Code   RO         1969    .text               mf_w.l(dadd.o)
    0x080003e4   0x080003e4   0x00000036   Code   RO         1971    .text               mf_w.l(dcmpge.o)
    0x0800041a   0x0800041a   0x00000026   Code   RO         1973    .text               mf_w.l(f2d.o)
    0x08000440   0x08000440   0x00000038   Code   RO         1975    .text               mf_w.l(d2f.o)
    0x08000478   0x08000478   0x0000002c   Code   RO         2017    .text               mc_w.l(uidiv.o)
    0x080004a4   0x080004a4   0x0000001e   Code   RO         2019    .text               mc_w.l(llshl.o)
    0x080004c2   0x080004c2   0x00000020   Code   RO         2021    .text               mc_w.l(llushr.o)
    0x080004e2   0x080004e2   0x00000024   Code   RO         2023    .text               mc_w.l(llsshr.o)
    0x08000506   0x08000506   0x00000000   Code   RO         2032    .text               mc_w.l(iusefp.o)
    0x08000506   0x08000506   0x0000006e   Code   RO         2033    .text               mf_w.l(fepilogue.o)
    0x08000574   0x08000574   0x000000ba   Code   RO         2035    .text               mf_w.l(depilogue.o)
    0x0800062e   0x0800062e   0x000000e4   Code   RO         2037    .text               mf_w.l(dmul.o)
    0x08000712   0x08000712   0x000000de   Code   RO         2039    .text               mf_w.l(ddiv.o)
    0x080007f0   0x080007f0   0x00000030   Code   RO         2041    .text               mf_w.l(dfixul.o)
    0x08000820   0x08000820   0x00000030   Code   RO         2043    .text               mf_w.l(cdrcmple.o)
    0x08000850   0x08000850   0x00000024   Code   RO         2045    .text               mc_w.l(init.o)
    0x08000874   0x08000874   0x000000f6   Code   RO          223    .text.ADC_Enable    stm32g4xx_hal_adc.o
    0x0800096a   0x0800096a   0x00000002   PAD
    0x0800096c   0x0800096c   0x00000002   Code   RO          125    .text.BusFault_Handler  stm32g4xx_it.o
    0x0800096e   0x0800096e   0x00000002   PAD
    0x08000970   0x08000970   0x00000078   Code   RO         1617    .text.Cordic_SinCosCal_Acquire  cordic_.o
    0x080009e8   0x080009e8   0x0000002c   Code   RO         1615    .text.Cordic_SinCosCal_Input  cordic_.o
    0x08000a14   0x08000a14   0x00000002   Code   RO          131    .text.DebugMon_Handler  stm32g4xx_it.o
    0x08000a16   0x08000a16   0x00000002   PAD
    0x08000a18   0x08000a18   0x0000000a   Code   RO           21    .text.Error_Handler  main.o
    0x08000a22   0x08000a22   0x00000002   PAD
    0x08000a24   0x08000a24   0x000000c0   Code   RO          321    .text.HAL_ADCEx_MultiModeConfigChannel  stm32g4xx_hal_adc_ex.o
    0x08000ae4   0x08000ae4   0x000003b2   Code   RO          261    .text.HAL_ADC_ConfigChannel  stm32g4xx_hal_adc.o
    0x08000e96   0x08000e96   0x00000002   PAD
    0x08000e98   0x08000e98   0x00000004   Code   RO          265    .text.HAL_ADC_GetState  stm32g4xx_hal_adc.o
    0x08000e9c   0x08000e9c   0x00000006   Code   RO          245    .text.HAL_ADC_GetValue  stm32g4xx_hal_adc.o
    0x08000ea2   0x08000ea2   0x00000002   PAD
    0x08000ea4   0x08000ea4   0x00000240   Code   RO          209    .text.HAL_ADC_Init  stm32g4xx_hal_adc.o
    0x080010e4   0x080010e4   0x000000f8   Code   RO           49    .text.HAL_ADC_MspInit  adc.o
    0x080011dc   0x080011dc   0x000000e0   Code   RO          221    .text.HAL_ADC_Start  stm32g4xx_hal_adc.o
    0x080012bc   0x080012bc   0x00000028   Code   RO          387    .text.HAL_Delay     stm32g4xx_hal.o
    0x080012e4   0x080012e4   0x000001da   Code   RO          607    .text.HAL_GPIO_Init  stm32g4xx_hal_gpio.o
    0x080014be   0x080014be   0x00000002   PAD
    0x080014c0   0x080014c0   0x00000010   Code   RO          615    .text.HAL_GPIO_TogglePin  stm32g4xx_hal_gpio.o
    0x080014d0   0x080014d0   0x0000000c   Code   RO          613    .text.HAL_GPIO_WritePin  stm32g4xx_hal_gpio.o
    0x080014dc   0x080014dc   0x0000000c   Code   RO          379    .text.HAL_GetTick   stm32g4xx_hal.o
    0x080014e8   0x080014e8   0x0000001a   Code   RO          377    .text.HAL_IncTick   stm32g4xx_hal.o
    0x08001502   0x08001502   0x00000002   PAD
    0x08001504   0x08001504   0x0000001e   Code   RO          367    .text.HAL_Init      stm32g4xx_hal.o
    0x08001522   0x08001522   0x00000002   PAD
    0x08001524   0x08001524   0x0000004c   Code   RO          369    .text.HAL_InitTick  stm32g4xx_hal.o
    0x08001570   0x08001570   0x00000034   Code   RO          150    .text.HAL_MspInit   stm32g4xx_hal_msp.o
    0x080015a4   0x080015a4   0x00000020   Code   RO          833    .text.HAL_NVIC_EnableIRQ  stm32g4xx_hal_cortex.o
    0x080015c4   0x080015c4   0x00000056   Code   RO          831    .text.HAL_NVIC_SetPriority  stm32g4xx_hal_cortex.o
    0x0800161a   0x0800161a   0x00000002   PAD
    0x0800161c   0x0800161c   0x00000020   Code   RO          829    .text.HAL_NVIC_SetPriorityGrouping  stm32g4xx_hal_cortex.o
    0x0800163c   0x0800163c   0x00000126   Code   RO          749    .text.HAL_PWREx_ControlVoltageScaling  stm32g4xx_hal_pwr_ex.o
    0x08001762   0x08001762   0x00000002   PAD
    0x08001764   0x08001764   0x00000012   Code   RO          819    .text.HAL_PWREx_DisableUCPDDeadBattery  stm32g4xx_hal_pwr_ex.o
    0x08001776   0x08001776   0x00000002   PAD
    0x08001778   0x08001778   0x0000026a   Code   RO          491    .text.HAL_RCCEx_PeriphCLKConfig  stm32g4xx_hal_rcc_ex.o
    0x080019e2   0x080019e2   0x00000002   PAD
    0x080019e4   0x080019e4   0x00000314   Code   RO          457    .text.HAL_RCC_ClockConfig  stm32g4xx_hal_rcc.o
    0x08001cf8   0x08001cf8   0x0000002a   Code   RO          465    .text.HAL_RCC_GetPCLK1Freq  stm32g4xx_hal_rcc.o
    0x08001d22   0x08001d22   0x00000002   PAD
    0x08001d24   0x08001d24   0x0000002a   Code   RO          467    .text.HAL_RCC_GetPCLK2Freq  stm32g4xx_hal_rcc.o
    0x08001d4e   0x08001d4e   0x00000002   PAD
    0x08001d50   0x08001d50   0x0000007a   Code   RO          459    .text.HAL_RCC_GetSysClockFreq  stm32g4xx_hal_rcc.o
    0x08001dca   0x08001dca   0x00000002   PAD
    0x08001dcc   0x08001dcc   0x000004aa   Code   RO          455    .text.HAL_RCC_OscConfig  stm32g4xx_hal_rcc.o
    0x08002276   0x08002276   0x00000002   PAD
    0x08002278   0x08002278   0x000000e4   Code   RO          912    .text.HAL_SPI_Init  stm32g4xx_hal_spi.o
    0x0800235c   0x0800235c   0x0000006a   Code   RO           74    .text.HAL_SPI_MspInit  spi.o
    0x080023c6   0x080023c6   0x00000002   PAD
    0x080023c8   0x080023c8   0x0000030a   Code   RO          924    .text.HAL_SPI_TransmitReceive  stm32g4xx_hal_spi.o
    0x080026d2   0x080026d2   0x00000002   PAD
    0x080026d4   0x080026d4   0x0000002c   Code   RO          841    .text.HAL_SYSTICK_Config  stm32g4xx_hal_cortex.o
    0x08002700   0x08002700   0x00000002   Code   RO         1388    .text.HAL_TIMEx_Break2Callback  stm32g4xx_hal_tim_ex.o
    0x08002702   0x08002702   0x00000002   PAD
    0x08002704   0x08002704   0x00000002   Code   RO         1386    .text.HAL_TIMEx_BreakCallback  stm32g4xx_hal_tim_ex.o
    0x08002706   0x08002706   0x00000002   PAD
    0x08002708   0x08002708   0x00000002   Code   RO         1382    .text.HAL_TIMEx_CommutCallback  stm32g4xx_hal_tim_ex.o
    0x0800270a   0x0800270a   0x00000002   PAD
    0x0800270c   0x0800270c   0x000000ca   Code   RO         1334    .text.HAL_TIMEx_ConfigBreakDeadTime  stm32g4xx_hal_tim_ex.o
    0x080027d6   0x080027d6   0x00000002   PAD
    0x080027d8   0x080027d8   0x00000002   Code   RO         1392    .text.HAL_TIMEx_DirectionChangeCallback  stm32g4xx_hal_tim_ex.o
    0x080027da   0x080027da   0x00000002   PAD
    0x080027dc   0x080027dc   0x00000002   Code   RO         1390    .text.HAL_TIMEx_EncoderIndexCallback  stm32g4xx_hal_tim_ex.o
    0x080027de   0x080027de   0x00000002   PAD
    0x080027e0   0x080027e0   0x00000002   Code   RO         1394    .text.HAL_TIMEx_IndexErrorCallback  stm32g4xx_hal_tim_ex.o
    0x080027e2   0x080027e2   0x00000002   PAD
    0x080027e4   0x080027e4   0x000000a2   Code   RO         1332    .text.HAL_TIMEx_MasterConfigSynchronization  stm32g4xx_hal_tim_ex.o
    0x08002886   0x08002886   0x00000002   PAD
    0x08002888   0x08002888   0x000000ea   Code   RO         1302    .text.HAL_TIMEx_PWMN_Start  stm32g4xx_hal_tim_ex.o
    0x08002972   0x08002972   0x00000002   PAD
    0x08002974   0x08002974   0x00000002   Code   RO         1396    .text.HAL_TIMEx_TransitionErrorCallback  stm32g4xx_hal_tim_ex.o
    0x08002976   0x08002976   0x00000002   PAD
    0x08002978   0x08002978   0x00000002   Code   RO         1173    .text.HAL_TIM_IC_CaptureCallback  stm32g4xx_hal_tim.o
    0x0800297a   0x0800297a   0x00000002   PAD
    0x0800297c   0x0800297c   0x000001cc   Code   RO         1171    .text.HAL_TIM_IRQHandler  stm32g4xx_hal_tim.o
    0x08002b48   0x08002b48   0x000000b2   Code   RO           89    .text.HAL_TIM_MspPostInit  tim.o
    0x08002bfa   0x08002bfa   0x00000002   PAD
    0x08002bfc   0x08002bfc   0x00000332   Code   RO         1183    .text.HAL_TIM_OC_ConfigChannel  stm32g4xx_hal_tim.o
    0x08002f2e   0x08002f2e   0x00000002   PAD
    0x08002f30   0x08002f30   0x00000340   Code   RO         1682    .text.HAL_TIM_OC_DelayElapsedCallback  bldc.o
    0x08003270   0x08003270   0x00000062   Code   RO         1065    .text.HAL_TIM_OC_Init  stm32g4xx_hal_tim.o
    0x080032d2   0x080032d2   0x00000002   PAD
    0x080032d4   0x080032d4   0x00000002   Code   RO         1067    .text.HAL_TIM_OC_MspInit  stm32g4xx_hal_tim.o
    0x080032d6   0x080032d6   0x00000002   PAD
    0x080032d8   0x080032d8   0x000001ea   Code   RO         1079    .text.HAL_TIM_OC_Start_IT  stm32g4xx_hal_tim.o
    0x080034c2   0x080034c2   0x00000002   PAD
    0x080034c4   0x080034c4   0x000003c2   Code   RO         1191    .text.HAL_TIM_PWM_ConfigChannel  stm32g4xx_hal_tim.o
    0x08003886   0x08003886   0x00000002   PAD
    0x08003888   0x08003888   0x00000062   Code   RO         1091    .text.HAL_TIM_PWM_Init  stm32g4xx_hal_tim.o
    0x080038ea   0x080038ea   0x00000002   PAD
    0x080038ec   0x080038ec   0x00000066   Code   RO           91    .text.HAL_TIM_PWM_MspInit  tim.o
    0x08003952   0x08003952   0x00000002   PAD
    0x08003954   0x08003954   0x00000002   Code   RO         1177    .text.HAL_TIM_PWM_PulseFinishedCallback  stm32g4xx_hal_tim.o
    0x08003956   0x08003956   0x00000002   PAD
    0x08003958   0x08003958   0x00000186   Code   RO         1099    .text.HAL_TIM_PWM_Start  stm32g4xx_hal_tim.o
    0x08003ade   0x08003ade   0x00000002   PAD
    0x08003ae0   0x08003ae0   0x0000005e   Code   RO           15    .text.HAL_TIM_PeriodElapsedCallback  main.o
    0x08003b3e   0x08003b3e   0x00000002   PAD
    0x08003b40   0x08003b40   0x00000002   Code   RO         1181    .text.HAL_TIM_TriggerCallback  stm32g4xx_hal_tim.o
    0x08003b42   0x08003b42   0x00000002   PAD
    0x08003b44   0x08003b44   0x00000036   Code   RO         1573    .text.HAL_UARTEx_DisableFifoMode  stm32g4xx_hal_uart_ex.o
    0x08003b7a   0x08003b7a   0x00000002   PAD
    0x08003b7c   0x08003b7c   0x0000008c   Code   RO         1577    .text.HAL_UARTEx_SetRxFifoThreshold  stm32g4xx_hal_uart_ex.o
    0x08003c08   0x08003c08   0x0000008c   Code   RO         1575    .text.HAL_UARTEx_SetTxFifoThreshold  stm32g4xx_hal_uart_ex.o
    0x08003c94   0x08003c94   0x00000064   Code   RO         1411    .text.HAL_UART_Init  stm32g4xx_hal_uart.o
    0x08003cf8   0x08003cf8   0x00000080   Code   RO          106    .text.HAL_UART_MspInit  usart.o
    0x08003d78   0x08003d78   0x00000180   Code   RO         1431    .text.HAL_UART_Transmit  stm32g4xx_hal_uart.o
    0x08003ef8   0x08003ef8   0x00000002   Code   RO          121    .text.HardFault_Handler  stm32g4xx_it.o
    0x08003efa   0x08003efa   0x00000002   PAD
    0x08003efc   0x08003efc   0x000001c4   Code   RO         1674    .text.InitBLDC      bldc.o
    0x080040c0   0x080040c0   0x00000020   Code   RO         1607    .text.InitCordic    cordic_.o
    0x080040e0   0x080040e0   0x0000003e   Code   RO         1645    .text.Init_SMO      smo.o
    0x0800411e   0x0800411e   0x00000002   PAD
    0x08004120   0x08004120   0x0000007a   Code   RO         1632    .text.MT6816_ReadVal  mt6816.o
    0x0800419a   0x0800419a   0x00000002   PAD
    0x0800419c   0x0800419c   0x000000a8   Code   RO           45    .text.MX_ADC1_Init  adc.o
    0x08004244   0x08004244   0x00000080   Code   RO           47    .text.MX_ADC2_Init  adc.o
    0x080042c4   0x080042c4   0x00000020   Code   RO           64    .text.MX_CORDIC_Init  cordic.o
    0x080042e4   0x080042e4   0x000000e4   Code   RO           36    .text.MX_GPIO_Init  gpio.o
    0x080043c8   0x080043c8   0x00000052   Code   RO           72    .text.MX_SPI2_Init  spi.o
    0x0800441a   0x0800441a   0x00000002   PAD
    0x0800441c   0x0800441c   0x00000156   Code   RO           87    .text.MX_TIM1_Init  tim.o
    0x08004572   0x08004572   0x00000002   PAD
    0x08004574   0x08004574   0x00000082   Code   RO          104    .text.MX_USART2_UART_Init  usart.o
    0x080045f6   0x080045f6   0x00000002   PAD
    0x080045f8   0x080045f8   0x00000002   Code   RO          123    .text.MemManage_Handler  stm32g4xx_it.o
    0x080045fa   0x080045fa   0x00000002   PAD
    0x080045fc   0x080045fc   0x00000002   Code   RO          119    .text.NMI_Handler   stm32g4xx_it.o
    0x080045fe   0x080045fe   0x00000002   PAD
    0x08004600   0x08004600   0x0000008a   Code   RO         1660    .text.PIDP          pid.o
    0x0800468a   0x0800468a   0x00000002   PAD
    0x0800468c   0x0800468c   0x00000002   Code   RO          133    .text.PendSV_Handler  stm32g4xx_it.o
    0x0800468e   0x0800468e   0x00000002   PAD
    0x08004690   0x08004690   0x00000186   Code   RO          974    .text.SPI_WaitFifoStateUntilTimeout  stm32g4xx_hal_spi.o
    0x08004816   0x08004816   0x00000002   PAD
    0x08004818   0x08004818   0x000000ce   Code   RO          976    .text.SPI_WaitFlagStateUntilTimeout  stm32g4xx_hal_spi.o
    0x080048e6   0x080048e6   0x00000002   PAD
    0x080048e8   0x080048e8   0x00000002   Code   RO          129    .text.SVC_Handler   stm32g4xx_it.o
    0x080048ea   0x080048ea   0x00000002   PAD
    0x080048ec   0x080048ec   0x00000370   Code   RO         1596    .text.SV_PWM_Cal    svpwm.o
    0x08004c5c   0x08004c5c   0x00000004   Code   RO          135    .text.SysTick_Handler  stm32g4xx_it.o
    0x08004c60   0x08004c60   0x00000012   Code   RO          158    .text.SystemInit    system_stm32g4xx.o
    0x08004c72   0x08004c72   0x00000002   PAD
    0x08004c74   0x08004c74   0x0000000c   Code   RO          141    .text.TIM1_CC_IRQHandler  stm32g4xx_it.o
    0x08004c80   0x08004c80   0x0000000c   Code   RO          139    .text.TIM1_TRG_COM_TIM17_IRQHandler  stm32g4xx_it.o
    0x08004c8c   0x08004c8c   0x0000000c   Code   RO          137    .text.TIM1_UP_TIM16_IRQHandler  stm32g4xx_it.o
    0x08004c98   0x08004c98   0x0000011a   Code   RO         1041    .text.TIM_Base_SetConfig  stm32g4xx_hal_tim.o
    0x08004db2   0x08004db2   0x00000002   PAD
    0x08004db4   0x08004db4   0x000000e8   Code   RO         1415    .text.UART_AdvFeatureConfig  stm32g4xx_hal_uart.o
    0x08004e9c   0x08004e9c   0x0000016e   Code   RO         1419    .text.UART_CheckIdleState  stm32g4xx_hal_uart.o
    0x0800500a   0x0800500a   0x00000002   PAD
    0x0800500c   0x0800500c   0x000002a4   Code   RO         1417    .text.UART_SetConfig  stm32g4xx_hal_uart.o
    0x080052b0   0x080052b0   0x00000348   Code   RO         1433    .text.UART_WaitOnFlagUntilTimeout  stm32g4xx_hal_uart.o
    0x080055f8   0x080055f8   0x00000002   Code   RO          127    .text.UsageFault_Handler  stm32g4xx_it.o
    0x080055fa   0x080055fa   0x00000006   PAD
    0x08005600   0x08005600   0x00000074   Code   RO         1619    .text.angleanaloging  cordic_.o
    0x08005674   0x08005674   0x0000001e   Code   RO           11    .text.fputc         main.o
    0x08005692   0x08005692   0x00000002   PAD
    0x08005694   0x08005694   0x0000001a   Code   RO         1658    .text.initPIDP      pid.o
    0x080056ae   0x080056ae   0x00000002   PAD
    0x080056b0   0x080056b0   0x00000178   Code   RO           17    .text.main          main.o
    0x08005828   0x08005828   0x00000020   Code   RO         1941    i.__0printf         mc_w.l(printfa.o)
    0x08005848   0x08005848   0x0000000e   Code   RO         2049    i.__scatterload_copy  mc_w.l(handlers.o)
    0x08005856   0x08005856   0x00000002   Code   RO         2050    i.__scatterload_null  mc_w.l(handlers.o)
    0x08005858   0x08005858   0x0000000e   Code   RO         2051    i.__scatterload_zeroinit  mc_w.l(handlers.o)
    0x08005866   0x08005866   0x00000002   PAD
    0x08005868   0x08005868   0x00000184   Code   RO         1948    i._fp_digits        mc_w.l(printfa.o)
    0x080059ec   0x080059ec   0x000006dc   Code   RO         1949    i._printf_core      mc_w.l(printfa.o)
    0x080060c8   0x080060c8   0x00000024   Code   RO         1950    i._printf_post_padding  mc_w.l(printfa.o)
    0x080060ec   0x080060ec   0x0000002e   Code   RO         1951    i._printf_pre_padding  mc_w.l(printfa.o)
    0x0800611a   0x0800611a   0x00000010   Data   RO          163    .rodata.AHBPrescTable  system_stm32g4xx.o
    0x0800612a   0x0800612a   0x00000008   Data   RO          164    .rodata.APBPrescTable  system_stm32g4xx.o
    0x08006132   0x08006132   0x00000018   Data   RO         1545    .rodata.UARTPrescTable  stm32g4xx_hal_uart.o
    0x0800614a   0x0800614a   0x00000002   PAD
    0x0800614c   0x0800614c   0x00000020   Data   RO         1257    .rodata.cst16       stm32g4xx_hal_tim.o
    0x0800616c   0x0800616c   0x00000010   Data   RO         1546    .rodata.cst16       stm32g4xx_hal_uart.o
    0x0800617c   0x0800617c   0x00000010   Data   RO         1587    .rodata.cst8        stm32g4xx_hal_uart_ex.o
    0x0800618c   0x0800618c   0x00000020   Data   RO         2048    Region$$Table       anon$$obj.o


    Execution Region RW_IRAM1 (Exec base: 0x20000000, Load base: 0x080061b0, Size: 0x00000818, Max: 0x00008000, ABSOLUTE)

    Exec Addr    Load Addr    Size         Type   Attr      Idx    E Section Name        Object

    0x20000000   0x080061b0   0x00000004   Data   RW         2007    .data               mc_w.l(stdout.o)
    0x20000004   0x080061b4   0x00000008   Data   RW          444    .data..L_MergedGlobals  stm32g4xx_hal.o
    0x2000000c   0x080061bc   0x00000004   Data   RW         1599    .data.Sqrt3_D_2     svpwm.o
    0x20000010   0x080061c0   0x00000004   Data   RW          162    .data.SystemCoreClock  system_stm32g4xx.o
    0x20000014   0x080061c4   0x00000004   Data   RW         1634    .data.ToSendVal     mt6816.o
    0x20000018        -       0x00000004   Zero   RW           55    .bss.HAL_RCC_ADC12_CLK_ENABLED  adc.o
    0x2000001c        -       0x00000144   Zero   RW         1685    .bss.ThisBLDC       bldc.o
    0x20000160        -       0x00000038   Zero   RW         1649    .bss.ThisS          smo.o
    0x20000198        -       0x00000050   Zero   RW         1598    .bss.ThisSV         svpwm.o
    0x200001e8        -       0x00000004   Zero   RW         1635    .bss.ToReadVal      mt6816.o
    0x200001ec        -       0x00000004   Zero   RW         1636    .bss.getmagval      mt6816.o
    0x200001f0        -       0x0000006c   Zero   RW           53    .bss.hadc1          adc.o
    0x2000025c        -       0x0000006c   Zero   RW           54    .bss.hadc2          adc.o
    0x200002c8        -       0x00000064   Zero   RW           78    .bss.hspi2          spi.o
    0x2000032c        -       0x0000004c   Zero   RW           95    .bss.htim1          tim.o
    0x20000378        -       0x00000094   Zero   RW          110    .bss.huart2         usart.o
    0x2000040c        -       0x00000002   Zero   RW         1684    .bss.raw_angle_buffer  bldc.o
    0x2000040e   0x080061c8   0x00000002   PAD
    0x20000410        -       0x00000004   Zero   RW           23    .bss.theta          main.o
    0x20000414        -       0x00000004   Zero   RW          443    .bss.uwTick         stm32g4xx_hal.o
    0x20000418        -       0x00000400   Zero   RW            1    STACK               startup_stm32g431xx.o


==============================================================================

Image component sizes


      Code (inc. data)   RO Data    RW Data    ZI Data      Debug   Object Name

       544          0          0          0        220       7665   adc.o
      1284         84          0          0        326       8797   bldc.o
        32          0          0          0          0       1842   cordic.o
       312         36          0          0          0       3248   cordic_.o
       228          0          0          0          0       2523   gpio.o
       510         44          0          0          4       8826   main.o
       122          0          0          4          8       2177   mt6816.o
       164          0          0          0          0       1018   pid.o
        62          0          0          0         56       1901   smo.o
       188          0          0          0        100       5715   spi.o
        36          8        472          0       1024        816   startup_stm32g431xx.o
       184          0          0          8          4       9104   stm32g4xx_hal.o
      2002          0          0          0          0      28561   stm32g4xx_hal_adc.o
       192          0          0          0          0      22587   stm32g4xx_hal_adc_ex.o
       194          0          0          0          0      10456   stm32g4xx_hal_cortex.o
       502          0          0          0          0       5638   stm32g4xx_hal_gpio.o
        52          0          0          0          0       1827   stm32g4xx_hal_msp.o
       312          0          0          0          0      10024   stm32g4xx_hal_pwr_ex.o
      2188          0          0          0          0      10029   stm32g4xx_hal_rcc.o
       618          0          0          0          0      10869   stm32g4xx_hal_rcc_ex.o
      1602          0          0          0          0      26350   stm32g4xx_hal_spi.o
      3606         44         32          0          0      60814   stm32g4xx_hal_tim.o
       612          0          0          0          0      30154   stm32g4xx_hal_tim_ex.o
      2598         48         40          0          0      42081   stm32g4xx_hal_uart.o
       334          0         16          0          0      11584   stm32g4xx_hal_uart_ex.o
        56          0          0          0          0       5362   stm32g4xx_it.o
       880         16          0          4         80       1986   svpwm.o
        18          0         24          4          0       2856   system_stm32g4xx.o
       622          0          0          0         76       9367   tim.o
       258          0          0          0        148       6756   usart.o

    ----------------------------------------------------------------------
     20440        280        618         20       2048     350933   Object Totals
         0          0         32          0          0          0   (incl. Generated)
       128          0          2          0          2          0   (incl. Padding)

    ----------------------------------------------------------------------

      Code (inc. data)   RO Data    RW Data    ZI Data      Debug   Library Member Name

         0          0          0          0          0          0   entry.o
         0          0          0          0          0          0   entry10a.o
         0          0          0          0          0          0   entry11a.o
         8          4          0          0          0          0   entry2.o
         4          0          0          0          0          0   entry5.o
         0          0          0          0          0          0   entry7b.o
         0          0          0          0          0          0   entry8b.o
         8          4          0          0          0          0   entry9a.o
        30          0          0          0          0          0   handlers.o
        36          8          0          0          0         68   init.o
         0          0          0          0          0          0   iusefp.o
        30          0          0          0          0         68   llshl.o
        36          0          0          0          0         68   llsshr.o
        32          0          0          0          0         68   llushr.o
        36          0          0          0          0        108   memseta.o
      2258         90          0          0          0        452   printfa.o
         0          0          0          4          0          0   stdout.o
        44          0          0          0          0         80   uidiv.o
        98          0          0          0          0         92   uldiv.o
        48          0          0          0          0         68   cdrcmple.o
        56          0          0          0          0         88   d2f.o
       334          0          0          0          0        148   dadd.o
        54          0          0          0          0         80   dcmpge.o
       222          0          0          0          0        100   ddiv.o
       186          0          0          0          0        176   depilogue.o
        48          0          0          0          0         68   dfixul.o
       228          0          0          0          0         96   dmul.o
        38          0          0          0          0         68   f2d.o
       110          0          0          0          0        168   fepilogue.o

    ----------------------------------------------------------------------
      3946        106          0          4          0       2064   Library Totals
         2          0          0          0          0          0   (incl. Padding)

    ----------------------------------------------------------------------

      Code (inc. data)   RO Data    RW Data    ZI Data      Debug   Library Name

      2620        106          0          4          0       1004   mc_w.l
      1324          0          0          0          0       1060   mf_w.l

    ----------------------------------------------------------------------
      3946        106          0          4          0       2064   Library Totals

    ----------------------------------------------------------------------

==============================================================================


      Code (inc. data)   RO Data    RW Data    ZI Data      Debug   

     24386        386        618         24       2048     351653   Grand Totals
     24386        386        618         24       2048     351653   ELF Image Totals
     24386        386        618         24          0          0   ROM Totals

==============================================================================

    Total RO  Size (Code + RO Data)                25004 (  24.42kB)
    Total RW  Size (RW Data + ZI Data)              2072 (   2.02kB)
    Total ROM Size (Code + RO Data + RW Data)      25028 (  24.44kB)

==============================================================================

